retina_plastic train features ready
retina_plastic valid features ready
retina_plastic test features ready
raw [{'seed': 0, 'selected_step': 600, 'train_accuracy': 1.0, 'test_correct': 238, 'n': 240, 'by_class': [78, 80, 80]}, {'seed': 1, 'selected_step': 600, 'train_accuracy': 1.0, 'test_correct': 238, 'n': 240, 'by_class': [78, 80, 80]}, {'seed': 2, 'selected_step': 600, 'train_accuracy': 1.0, 'test_correct': 238, 'n': 240, 'by_class': [78, 80, 80]}]
encoder [{'seed': 0, 'selected_step': 400, 'train_accuracy': 1.0, 'test_correct': 232, 'n': 240, 'by_class': [76, 78, 78]}, {'seed': 1, 'selected_step': 220, 'train_accuracy': 0.9983333349227905, 'test_correct': 232, 'n': 240, 'by_class': [76, 77, 79]}, {'seed': 2, 'selected_step': 320, 'train_accuracy': 0.9983333349227905, 'test_correct': 233, 'n': 240, 'by_class': [76, 78, 79]}]
sensory [{'seed': 0, 'selected_step': 280, 'train_accuracy': 0.9983333349227905, 'test_correct': 234, 'n': 240, 'by_class': [77, 78, 79]}, {'seed': 1, 'selected_step': 200, 'train_accuracy': 0.9983333349227905, 'test_correct': 230, 'n': 240, 'by_class': [75, 78, 77]}, {'seed': 2, 'selected_step': 220, 'train_accuracy': 0.9983333349227905, 'test_correct': 230, 'n': 240, 'by_class': [75, 77, 78]}]
cycle1 [{'seed': 0, 'selected_step': 120, 'train_accuracy': 0.996666669845581, 'test_correct': 228, 'n': 240, 'by_class': [72, 80, 76]}, {'seed': 1, 'selected_step': 120, 'train_accuracy': 0.9916666746139526, 'test_correct': 228, 'n': 240, 'by_class': [73, 80, 75]}, {'seed': 2, 'selected_step': 100, 'train_accuracy': 0.9933333396911621, 'test_correct': 229, 'n': 240, 'by_class': [73, 80, 76]}]
cycle2 [{'seed': 0, 'selected_step': 120, 'train_accuracy': 0.9983333349227905, 'test_correct': 230, 'n': 240, 'by_class': [76, 80, 74]}, {'seed': 1, 'selected_step': 120, 'train_accuracy': 0.9983333349227905, 'test_correct': 231, 'n': 240, 'by_class': [77, 80, 74]}, {'seed': 2, 'selected_step': 120, 'train_accuracy': 0.9983333349227905, 'test_correct': 232, 'n': 240, 'by_class': [78, 80, 74]}]
cycle3 [{'seed': 0, 'selected_step': 160, 'train_accuracy': 1.0, 'test_correct': 231, 'n': 240, 'by_class': [77, 79, 75]}, {'seed': 1, 'selected_step': 160, 'train_accuracy': 1.0, 'test_correct': 233, 'n': 240, 'by_class': [77, 80, 76]}, {'seed': 2, 'selected_step': 160, 'train_accuracy': 1.0, 'test_correct': 231, 'n': 240, 'by_class': [77, 79, 75]}]
decoder_hidden [{'seed': 0, 'selected_step': 220, 'train_accuracy': 0.7566666603088379, 'test_correct': 180, 'n': 240, 'by_class': [61, 66, 53]}, {'seed': 1, 'selected_step': 200, 'train_accuracy': 0.7483333349227905, 'test_correct': 179, 'n': 240, 'by_class': [58, 65, 56]}, {'seed': 2, 'selected_step': 220, 'train_accuracy': 0.778333306312561, 'test_correct': 174, 'n': 240, 'by_class': [59, 63, 52]}]
logit [{'seed': 0, 'selected_step': 500, 'train_accuracy': 0.44999998807907104, 'test_correct': 110, 'n': 240, 'by_class': [0, 54, 56]}, {'seed': 1, 'selected_step': 340, 'train_accuracy': 0.4466666579246521, 'test_correct': 112, 'n': 240, 'by_class': [4, 53, 55]}, {'seed': 2, 'selected_step': 380, 'train_accuracy': 0.4533333480358124, 'test_correct': 111, 'n': 240, 'by_class': [0, 54, 57]}]
rewired_plastic train features ready
rewired_plastic valid features ready
rewired_plastic test features ready
raw [{'seed': 0, 'selected_step': 600, 'train_accuracy': 1.0, 'test_correct': 238, 'n': 240, 'by_class': [78, 80, 80]}, {'seed': 1, 'selected_step': 600, 'train_accuracy': 1.0, 'test_correct': 238, 'n': 240, 'by_class': [78, 80, 80]}, {'seed': 2, 'selected_step': 600, 'train_accuracy': 1.0, 'test_correct': 238, 'n': 240, 'by_class': [78, 80, 80]}]
encoder [{'seed': 0, 'selected_step': 600, 'train_accuracy': 1.0, 'test_correct': 235, 'n': 240, 'by_class': [77, 80, 78]}, {'seed': 1, 'selected_step': 600, 'train_accuracy': 1.0, 'test_correct': 234, 'n': 240, 'by_class': [76, 80, 78]}, {'seed': 2, 'selected_step': 600, 'train_accuracy': 1.0, 'test_correct': 234, 'n': 240, 'by_class': [76, 80, 78]}]
sensory [{'seed': 0, 'selected_step': 600, 'train_accuracy': 1.0, 'test_correct': 235, 'n': 240, 'by_class': [79, 80, 76]}, {'seed': 1, 'selected_step': 600, 'train_accuracy': 1.0, 'test_correct': 236, 'n': 240, 'by_class': [79, 80, 77]}, {'seed': 2, 'selected_step': 600, 'train_accuracy': 1.0, 'test_correct': 235, 'n': 240, 'by_class': [79, 80, 76]}]
cycle1 [{'seed': 0, 'selected_step': 160, 'train_accuracy': 1.0, 'test_correct': 230, 'n': 240, 'by_class': [76, 80, 74]}, {'seed': 1, 'selected_step': 180, 'train_accuracy': 1.0, 'test_correct': 231, 'n': 240, 'by_class': [76, 80, 75]}, {'seed': 2, 'selected_step': 180, 'train_accuracy': 1.0, 'test_correct': 227, 'n': 240, 'by_class': [75, 80, 72]}]
cycle2 [{'seed': 0, 'selected_step': 160, 'train_accuracy': 1.0, 'test_correct': 227, 'n': 240, 'by_class': [74, 79, 74]}, {'seed': 1, 'selected_step': 180, 'train_accuracy': 1.0, 'test_correct': 227, 'n': 240, 'by_class': [74, 79, 74]}, {'seed': 2, 'selected_step': 180, 'train_accuracy': 1.0, 'test_correct': 226, 'n': 240, 'by_class': [74, 79, 73]}]
cycle3 [{'seed': 0, 'selected_step': 140, 'train_accuracy': 1.0, 'test_correct': 231, 'n': 240, 'by_class': [74, 80, 77]}, {'seed': 1, 'selected_step': 140, 'train_accuracy': 1.0, 'test_correct': 230, 'n': 240, 'by_class': [74, 80, 76]}, {'seed': 2, 'selected_step': 140, 'train_accuracy': 1.0, 'test_correct': 231, 'n': 240, 'by_class': [75, 80, 76]}]
decoder_hidden [{'seed': 0, 'selected_step': 220, 'train_accuracy': 0.7049999833106995, 'test_correct': 150, 'n': 240, 'by_class': [47, 52, 51]}, {'seed': 1, 'selected_step': 200, 'train_accuracy': 0.7066666483879089, 'test_correct': 150, 'n': 240, 'by_class': [47, 51, 52]}, {'seed': 2, 'selected_step': 160, 'train_accuracy': 0.6650000214576721, 'test_correct': 143, 'n': 240, 'by_class': [38, 51, 54]}]
logit [{'seed': 0, 'selected_step': 100, 'train_accuracy': 0.5416666865348816, 'test_correct': 122, 'n': 240, 'by_class': [27, 43, 52]}, {'seed': 1, 'selected_step': 60, 'train_accuracy': 0.550000011920929, 'test_correct': 123, 'n': 240, 'by_class': [24, 46, 53]}, {'seed': 2, 'selected_step': 100, 'train_accuracy': 0.5416666865348816, 'test_correct': 123, 'n': 240, 'by_class': [27, 44, 52]}]
