./experiments/fly_agents.py:6: RuntimeWarning: overflow encountered in exp
  def sigmoid(x):return 1/(1+np.exp(-x))
./experiments/fly_agents.py:6: RuntimeWarning: overflow encountered in exp
  def sigmoid(x):return 1/(1+np.exp(-x))
./experiments/fly_agents.py:6: RuntimeWarning: overflow encountered in exp
  def sigmoid(x):return 1/(1+np.exp(-x))
./experiments/fly_agents.py:6: RuntimeWarning: overflow encountered in exp
  def sigmoid(x):return 1/(1+np.exp(-x))
./experiments/fly_agents.py:6: RuntimeWarning: overflow encountered in exp
  def sigmoid(x):return 1/(1+np.exp(-x))
./experiments/fly_agents.py:6: RuntimeWarning: overflow encountered in exp
  def sigmoid(x):return 1/(1+np.exp(-x))
{'theta': -8.0, 'tau': 0.5, 'lr': 0.02, 'seed': 102, 'theta_curve': [-5.13, -4.19, -3.42, -5.87], 'win': np.float64(69.33333333333334), 'win_with_3pct_reflex_same_brain': np.float64(73.0), 'marks': 9.92, 'false': 0}
{'theta': -8.0, 'tau': 0.5, 'lr': 0.02, 'seed': 100, 'theta_curve': [-5.18, -4.94, -4.63, -4.08], 'win': np.float64(65.0), 'win_with_3pct_reflex_same_brain': np.float64(66.66666666666666), 'marks': 9.733333333333333, 'false': 0}
{'theta': -8.0, 'tau': 0.25, 'lr': 0.02, 'seed': 102, 'theta_curve': [-6.5, -3.9, -4.55, -5.09], 'win': np.float64(66.66666666666666), 'win_with_3pct_reflex_same_brain': np.float64(72.33333333333334), 'marks': 9.7, 'false': 0}
{'theta': -8.0, 'tau': 0.25, 'lr': 0.02, 'seed': 100, 'theta_curve': [-4.21, -3.88, -4.3, -3.31], 'win': np.float64(68.66666666666667), 'win_with_3pct_reflex_same_brain': np.float64(68.66666666666667), 'marks': 9.93, 'false': 0}
{'theta': -1.0, 'tau': 0.25, 'lr': 0.02, 'seed': 101, 'theta_curve': [-4.02, -5.67, -6.64, -3.45], 'win': np.float64(69.0), 'win_with_3pct_reflex_same_brain': np.float64(69.0), 'marks': 9.84, 'false': 0}
{'theta': -8.0, 'tau': 0.5, 'lr': 0.02, 'seed': 101, 'theta_curve': [-5.17, -4.7, -4.14, -4.59], 'win': np.float64(68.33333333333333), 'win_with_3pct_reflex_same_brain': np.float64(73.0), 'marks': 9.903333333333334, 'false': 0}
{'theta': -8.0, 'tau': 0.25, 'lr': 0.02, 'seed': 101, 'theta_curve': [-5.78, -3.13, -4.34, -4.53], 'win': np.float64(66.66666666666666), 'win_with_3pct_reflex_same_brain': np.float64(68.0), 'marks': 9.756666666666666, 'false': 0}
{'theta': -1.0, 'tau': 0.25, 'lr': 0.02, 'seed': 100, 'theta_curve': [3.91, -3.93, -2.89, -3.15], 'win': np.float64(72.33333333333334), 'win_with_3pct_reflex_same_brain': np.float64(71.66666666666667), 'marks': 9.776666666666667, 'false': 0}
{'theta': -1.0, 'tau': 0.25, 'lr': 0.02, 'seed': 102, 'theta_curve': [3.94, -5.21, -3.62, -4.94], 'win': np.float64(70.33333333333334), 'win_with_3pct_reflex_same_brain': np.float64(75.66666666666667), 'marks': 9.946666666666667, 'false': 0}
{'theta': -1.0, 'tau': 0.5, 'lr': 0.02, 'seed': 100, 'theta_curve': [-6.0, -4.37, -3.79, -3.78], 'win': np.float64(75.33333333333333), 'win_with_3pct_reflex_same_brain': np.float64(76.0), 'marks': 10.103333333333333, 'false': 0}
{'theta': -1.0, 'tau': 0.5, 'lr': 0.02, 'seed': 102, 'theta_curve': [4.0, 2.74, -4.98, -5.59], 'win': np.float64(67.66666666666666), 'win_with_3pct_reflex_same_brain': np.float64(70.66666666666667), 'marks': 10.133333333333333, 'false': 0}
{'theta': -1.0, 'tau': 0.5, 'lr': 0.02, 'seed': 101, 'theta_curve': [3.03, -4.69, -3.86, 3.56], 'win': np.float64(9.666666666666666), 'win_with_3pct_reflex_same_brain': np.float64(10.666666666666668), 'marks': 26.196666666666665, 'false': 4819}
