{'variant': 'current', 'seed': 100, 'win9': np.float64(55.666666666666664), 'win7': np.float64(61.0), 'unknown_share': 0.09300982091276719, 'false_marks': 0, 'weak': 0.3345513017848134, 'context': 1.8305055262503718}
{'variant': 'context_reference', 'seed': 100, 'win9': np.float64(50.0), 'win7': np.float64(59.0), 'unknown_share': 0.2116156935434044, 'false_marks': 0, 'weak': -0.049274583579972386, 'context': 1.8136037997750252}
{'variant': 'current', 'seed': 102, 'win9': np.float64(51.0), 'win7': np.float64(58.5), 'unknown_share': 0.21634615384615385, 'false_marks': 0, 'weak': -0.5048580467700958, 'context': 1.868182078362827}
{'variant': 'context_reference', 'seed': 101, 'win9': np.float64(46.33333333333333), 'win7': np.float64(56.99999999999999), 'unknown_share': 0.22257250945775536, 'false_marks': 11, 'weak': -0.10230416664853692, 'context': 1.760062905318802}
{'variant': 'current', 'seed': 101, 'win9': np.float64(53.333333333333336), 'win7': np.float64(60.0), 'unknown_share': 0.0571977534732486, 'false_marks': 0, 'weak': 0.5757845006883144, 'context': 1.9671240272018742}
{'variant': 'far_field_no_tonic', 'seed': 101, 'win9': np.float64(48.0), 'win7': np.float64(54.50000000000001), 'unknown_share': 0.09186268277177369, 'false_marks': 13, 'weak': 2.131371945142746, 'context': 0.0}
{'variant': 'far_field', 'seed': 100, 'win9': np.float64(51.0), 'win7': np.float64(59.0), 'unknown_share': 0.15035573122529644, 'false_marks': 0, 'weak': 0.6343666929751635, 'context': 0.562607876254568}
{'variant': 'far_field', 'seed': 101, 'win9': np.float64(51.33333333333333), 'win7': np.float64(62.0), 'unknown_share': 0.17495559502664298, 'false_marks': 11, 'weak': 1.1828461661934853, 'context': 0.49855701003928043}
{'variant': 'far_field_no_tonic', 'seed': 100, 'win9': np.float64(55.666666666666664), 'win7': np.float64(64.5), 'unknown_share': 0.17476442873969375, 'false_marks': 0, 'weak': 1.7584200948476791, 'context': 0.0}
{'variant': 'context_reference', 'seed': 102, 'win9': np.float64(51.66666666666667), 'win7': np.float64(57.99999999999999), 'unknown_share': 0.2127856701667696, 'false_marks': 0, 'weak': -0.5105292424559593, 'context': 1.7913370511649558}
{'variant': 'current', 'seed': 103, 'win9': np.float64(54.0), 'win7': np.float64(61.5), 'unknown_share': 0.14097242810554403, 'false_marks': 0, 'weak': 0.23513732012361288, 'context': 1.8195265687620068}
{'variant': 'context_reference', 'seed': 103, 'win9': np.float64(48.66666666666667), 'win7': np.float64(57.49999999999999), 'unknown_share': 0.22526348906717006, 'false_marks': 0, 'weak': -0.394443329423666, 'context': 1.8775798336188212}
{'variant': 'far_field', 'seed': 102, 'win9': np.float64(55.666666666666664), 'win7': np.float64(64.0), 'unknown_share': 0.17636735887686458, 'false_marks': 0, 'weak': 2.14356929063797, 'context': 0.10028975195503813}
{'variant': 'context_reference', 'seed': 104, 'win9': np.float64(50.33333333333333), 'win7': np.float64(57.49999999999999), 'unknown_share': 0.21829780613038743, 'false_marks': 0, 'weak': -0.7441007997840643, 'context': 1.781119402332806}
{'variant': 'current', 'seed': 104, 'win9': np.float64(54.0), 'win7': np.float64(61.5), 'unknown_share': 0.14167283493708363, 'false_marks': 0, 'weak': 0.37797545082867146, 'context': 1.8790865848359304}
{'variant': 'far_field_no_tonic', 'seed': 102, 'win9': np.float64(41.333333333333336), 'win7': np.float64(52.5), 'unknown_share': 0.07543764663418155, 'false_marks': 0, 'weak': 1.1985927820205688, 'context': 0.0}
{'variant': 'far_field', 'seed': 103, 'win9': np.float64(54.333333333333336), 'win7': np.float64(63.5), 'unknown_share': 0.1550169942367371, 'false_marks': 0, 'weak': 2.1468883380293846, 'context': 0.3539435226395845}
{'variant': 'far_field_no_tonic', 'seed': 103, 'win9': np.float64(52.666666666666664), 'win7': np.float64(57.49999999999999), 'unknown_share': 0.15154733009708737, 'false_marks': 0, 'weak': 1.8665101379156113, 'context': 0.0}
{'variant': 'far_field', 'seed': 104, 'win9': np.float64(3.0), 'win7': np.float64(10.5), 'unknown_share': 0.08866583019657047, 'false_marks': 647, 'weak': 2.0479103550314903, 'context': 0.02429544767239905}
{'variant': 'far_field_no_tonic', 'seed': 104, 'win9': np.float64(56.00000000000001), 'win7': np.float64(62.5), 'unknown_share': 0.09028177113283496, 'false_marks': 0, 'weak': 1.8701180815696716, 'context': 0.0}
