{'phase': 'activity', 'variant': 'original', 'split': 'train', 'done': 0, 'total': 3000}
{'phase': 'activity', 'variant': 'original', 'split': 'train', 'done': 640, 'total': 3000}
{'phase': 'activity', 'variant': 'original', 'split': 'train', 'done': 1280, 'total': 3000}
{'phase': 'activity', 'variant': 'original', 'split': 'train', 'done': 1920, 'total': 3000}
{'phase': 'activity', 'variant': 'original', 'split': 'train', 'done': 2560, 'total': 3000}
{'phase': 'activity', 'variant': 'original', 'split': 'test', 'done': 0, 'total': 1000}
{'phase': 'activity', 'variant': 'original', 'split': 'test', 'done': 640, 'total': 1000}
{'phase': 'activity', 'variant': 'learned', 'split': 'train', 'done': 0, 'total': 3000}
{'phase': 'activity', 'variant': 'learned', 'split': 'train', 'done': 640, 'total': 3000}
{'phase': 'activity', 'variant': 'learned', 'split': 'train', 'done': 1280, 'total': 3000}
{'phase': 'activity', 'variant': 'learned', 'split': 'train', 'done': 1920, 'total': 3000}
{'phase': 'activity', 'variant': 'learned', 'split': 'train', 'done': 2560, 'total': 3000}
{'phase': 'activity', 'variant': 'learned', 'split': 'test', 'done': 0, 'total': 1000}
{'phase': 'activity', 'variant': 'learned', 'split': 'test', 'done': 640, 'total': 1000}
{'phase': 'decoding', 'source': 'raw', 'linear1': 1.0, 'linear3': 1.0, 'mlp3': 1.0}
{'phase': 'decoding', 'source': 'encoder', 'linear1': 0.7297, 'linear3': 0.8929, 'mlp3': 0.9834}
{'phase': 'decoding', 'source': 'original_cycle1', 'linear1': 0.5445, 'linear3': 0.7207, 'mlp3': 0.831}
{'phase': 'decoding', 'source': 'original_cycle2', 'linear1': 0.5489, 'linear3': 0.7267, 'mlp3': 0.8364}
{'phase': 'decoding', 'source': 'original_cycle3', 'linear1': 0.5012, 'linear3': 0.6518, 'mlp3': 0.8102}
{'phase': 'decoding', 'source': 'original_cycle4', 'linear1': 0.5619, 'linear3': 0.7141, 'mlp3': 0.8302}
{'phase': 'decoding', 'source': 'learned_cycle1', 'linear1': 0.5642, 'linear3': 0.7169, 'mlp3': 0.8382}
{'phase': 'decoding', 'source': 'learned_cycle2', 'linear1': 0.5478, 'linear3': 0.7302, 'mlp3': 0.8248}
{'phase': 'decoding', 'source': 'learned_cycle3', 'linear1': 0.5202, 'linear3': 0.6692, 'mlp3': 0.8247}
{'phase': 'decoding', 'source': 'learned_cycle4', 'linear1': 0.568, 'linear3': 0.7175, 'mlp3': 0.8351}
