{'phase': 'training', 'arm': 'control', 'step': 0, 'target': 750, 'seconds': 1.08394306153059e-06}
control {'step': 0, 'validation_loss': 1.8524234447479249, 'chosen': 0, 'seconds': 0.0023047500289976597}
{'phase': 'training', 'arm': 'control', 'step': 25, 'target': 750, 'seconds': 0.3978529169689864}
{'phase': 'training', 'arm': 'control', 'step': 50, 'target': 750, 'seconds': 0.7943842499516904}
{'phase': 'training', 'arm': 'control', 'step': 75, 'target': 750, 'seconds': 1.19477454200387}
{'phase': 'training', 'arm': 'control', 'step': 100, 'target': 750, 'seconds': 1.5875531249912456}
{'phase': 'training', 'arm': 'control', 'step': 125, 'target': 750, 'seconds': 1.9938237919704989}
{'phase': 'training', 'arm': 'control', 'step': 150, 'target': 750, 'seconds': 2.3813098339596763}
{'phase': 'training', 'arm': 'control', 'step': 175, 'target': 750, 'seconds': 2.7633907089475542}
{'phase': 'training', 'arm': 'control', 'step': 200, 'target': 750, 'seconds': 3.151419708970934}
{'phase': 'training', 'arm': 'control', 'step': 225, 'target': 750, 'seconds': 3.5412755419965833}
{'phase': 'training', 'arm': 'control', 'step': 250, 'target': 750, 'seconds': 3.9260758749442175}
control {'step': 250, 'validation_loss': 1.8535200939178467, 'chosen': 0, 'seconds': 4.026133333914913}
{'phase': 'training', 'arm': 'control', 'step': 275, 'target': 750, 'seconds': 4.410573749919422}
{'phase': 'training', 'arm': 'control', 'step': 300, 'target': 750, 'seconds': 4.795557125005871}
{'phase': 'training', 'arm': 'control', 'step': 325, 'target': 750, 'seconds': 5.1810285419924185}
{'phase': 'training', 'arm': 'control', 'step': 350, 'target': 750, 'seconds': 5.564867083914578}
{'phase': 'training', 'arm': 'control', 'step': 375, 'target': 750, 'seconds': 5.958778416970745}
{'phase': 'training', 'arm': 'control', 'step': 400, 'target': 750, 'seconds': 6.3435173749458045}
{'phase': 'training', 'arm': 'control', 'step': 425, 'target': 750, 'seconds': 6.726400333922356}
{'phase': 'training', 'arm': 'control', 'step': 450, 'target': 750, 'seconds': 7.109720958978869}
{'phase': 'training', 'arm': 'control', 'step': 475, 'target': 750, 'seconds': 7.491178291966207}
{'phase': 'training', 'arm': 'control', 'step': 500, 'target': 750, 'seconds': 7.87320124998223}
control {'step': 500, 'validation_loss': 1.8538664340972901, 'chosen': 0, 'seconds': 7.9760479589458555}
{'phase': 'training', 'arm': 'control', 'step': 525, 'target': 750, 'seconds': 8.364560917019844}
{'phase': 'training', 'arm': 'control', 'step': 550, 'target': 750, 'seconds': 8.750625083921477}
{'phase': 'training', 'arm': 'control', 'step': 575, 'target': 750, 'seconds': 9.138069916982204}
{'phase': 'training', 'arm': 'control', 'step': 600, 'target': 750, 'seconds': 9.521914083976299}
{'phase': 'training', 'arm': 'control', 'step': 625, 'target': 750, 'seconds': 9.906947916955687}
{'phase': 'training', 'arm': 'control', 'step': 650, 'target': 750, 'seconds': 10.299099958967417}
{'phase': 'training', 'arm': 'control', 'step': 675, 'target': 750, 'seconds': 10.683775333920494}
{'phase': 'training', 'arm': 'control', 'step': 700, 'target': 750, 'seconds': 11.082110167015344}
{'phase': 'training', 'arm': 'control', 'step': 725, 'target': 750, 'seconds': 11.47061095898971}
{'phase': 'training', 'arm': 'control', 'step': 750, 'target': 750, 'seconds': 11.884269292000681}
control {'step': 750, 'validation_loss': 1.8545037269592286, 'chosen': 0, 'seconds': 11.994525959016755}
{'phase': 'training', 'arm': 'joint', 'step': 0, 'target': 750, 'seconds': 1.0419171303510666e-06}
joint {'step': 0, 'validation_loss': 1.8524234447479249, 'chosen': 0, 'seconds': 0.0023038749350234866}
{'phase': 'training', 'arm': 'joint', 'step': 25, 'target': 750, 'seconds': 24.921798957977444}
{'phase': 'training', 'arm': 'joint', 'step': 50, 'target': 750, 'seconds': 50.29177479201462}
{'phase': 'training', 'arm': 'joint', 'step': 75, 'target': 750, 'seconds': 75.63072575000115}
{'phase': 'training', 'arm': 'joint', 'step': 100, 'target': 750, 'seconds': 101.7743959169602}
{'phase': 'training', 'arm': 'joint', 'step': 125, 'target': 750, 'seconds': 129.6749027079204}
{'phase': 'training', 'arm': 'joint', 'step': 150, 'target': 750, 'seconds': 157.22932591696735}
{'phase': 'training', 'arm': 'joint', 'step': 175, 'target': 750, 'seconds': 190.1664920420153}
{'phase': 'training', 'arm': 'joint', 'step': 200, 'target': 750, 'seconds': 217.76290704193525}
{'phase': 'training', 'arm': 'joint', 'step': 225, 'target': 750, 'seconds': 237.9306328749517}
{'phase': 'training', 'arm': 'joint', 'step': 250, 'target': 750, 'seconds': 258.7442675830098}
joint {'step': 250, 'validation_loss': 1.8455210723876954, 'chosen': 250, 'seconds': 266.75683033291716}
{'phase': 'training', 'arm': 'joint', 'step': 275, 'target': 750, 'seconds': 288.30583341699094}
{'phase': 'training', 'arm': 'joint', 'step': 300, 'target': 750, 'seconds': 309.0779172920156}
{'phase': 'training', 'arm': 'joint', 'step': 325, 'target': 750, 'seconds': 330.1082327499753}
{'phase': 'training', 'arm': 'joint', 'step': 350, 'target': 750, 'seconds': 351.50338545802515}
{'phase': 'training', 'arm': 'joint', 'step': 375, 'target': 750, 'seconds': 372.44436224992387}
{'phase': 'training', 'arm': 'joint', 'step': 400, 'target': 750, 'seconds': 394.0227402920136}
{'phase': 'training', 'arm': 'joint', 'step': 425, 'target': 750, 'seconds': 418.6800817080075}
{'phase': 'training', 'arm': 'joint', 'step': 450, 'target': 750, 'seconds': 439.6778967080172}
{'phase': 'training', 'arm': 'joint', 'step': 475, 'target': 750, 'seconds': 461.78961070801597}
{'phase': 'training', 'arm': 'joint', 'step': 500, 'target': 750, 'seconds': 484.6958812919911}
joint {'step': 500, 'validation_loss': 1.8430175704956056, 'chosen': 500, 'seconds': 495.9472757920157}
{'phase': 'training', 'arm': 'joint', 'step': 525, 'target': 750, 'seconds': 569.8981219169218}
{'phase': 'training', 'arm': 'joint', 'step': 550, 'target': 750, 'seconds': 592.8853668749798}
{'phase': 'training', 'arm': 'joint', 'step': 575, 'target': 750, 'seconds': 613.9643569169566}
{'phase': 'training', 'arm': 'joint', 'step': 600, 'target': 750, 'seconds': 634.1658556669718}
{'phase': 'training', 'arm': 'joint', 'step': 625, 'target': 750, 'seconds': 654.4387973749544}
{'phase': 'training', 'arm': 'joint', 'step': 650, 'target': 750, 'seconds': 674.8936563329771}
{'phase': 'training', 'arm': 'joint', 'step': 675, 'target': 750, 'seconds': 694.993350249948}
{'phase': 'training', 'arm': 'joint', 'step': 700, 'target': 750, 'seconds': 715.174639249919}
{'phase': 'training', 'arm': 'joint', 'step': 725, 'target': 750, 'seconds': 735.3282445420045}
{'phase': 'training', 'arm': 'joint', 'step': 750, 'target': 750, 'seconds': 757.1449380419217}
joint {'step': 750, 'validation_loss': 1.8375002040863038, 'chosen': 750, 'seconds': 764.4891180830309}
{'phase': 'training', 'arm': 'control', 'step': 0, 'target': 750, 'seconds': 9.170034900307655e-07}
control {'step': 0, 'validation_loss': 1.8458517417907714, 'chosen': 0, 'seconds': 0.002171000000089407}
{'phase': 'training', 'arm': 'control', 'step': 25, 'target': 750, 'seconds': 0.4005477500613779}
{'phase': 'training', 'arm': 'control', 'step': 50, 'target': 750, 'seconds': 0.7883280840469524}
{'phase': 'training', 'arm': 'control', 'step': 75, 'target': 750, 'seconds': 1.1914535840041935}
{'phase': 'training', 'arm': 'control', 'step': 100, 'target': 750, 'seconds': 1.5922072500688955}
{'phase': 'training', 'arm': 'control', 'step': 125, 'target': 750, 'seconds': 1.9803641251055524}
{'phase': 'training', 'arm': 'control', 'step': 150, 'target': 750, 'seconds': 2.3759907090570778}
{'phase': 'training', 'arm': 'control', 'step': 175, 'target': 750, 'seconds': 2.7656644170638174}
{'phase': 'training', 'arm': 'control', 'step': 200, 'target': 750, 'seconds': 3.1547225000103936}
{'phase': 'training', 'arm': 'control', 'step': 225, 'target': 750, 'seconds': 3.5516558340750635}
{'phase': 'training', 'arm': 'control', 'step': 250, 'target': 750, 'seconds': 3.9419150000903755}
control {'step': 250, 'validation_loss': 1.853435743331909, 'chosen': 0, 'seconds': 4.042896500090137}
{'phase': 'training', 'arm': 'control', 'step': 275, 'target': 750, 'seconds': 4.434209084021859}
{'phase': 'training', 'arm': 'control', 'step': 300, 'target': 750, 'seconds': 4.822801917092875}
{'phase': 'training', 'arm': 'control', 'step': 325, 'target': 750, 'seconds': 5.222817792091519}
{'phase': 'training', 'arm': 'control', 'step': 350, 'target': 750, 'seconds': 5.617591792019084}
{'phase': 'training', 'arm': 'control', 'step': 375, 'target': 750, 'seconds': 6.009341875091195}
{'phase': 'training', 'arm': 'control', 'step': 400, 'target': 750, 'seconds': 6.411263084039092}
{'phase': 'training', 'arm': 'control', 'step': 425, 'target': 750, 'seconds': 6.804522709106095}
{'phase': 'training', 'arm': 'control', 'step': 450, 'target': 750, 'seconds': 7.194885625038296}
{'phase': 'training', 'arm': 'control', 'step': 475, 'target': 750, 'seconds': 7.588853875058703}
{'phase': 'training', 'arm': 'control', 'step': 500, 'target': 750, 'seconds': 7.980293125030585}
control {'step': 500, 'validation_loss': 1.8518185997009278, 'chosen': 0, 'seconds': 8.085067834006622}
{'phase': 'training', 'arm': 'control', 'step': 525, 'target': 750, 'seconds': 8.4826728340704}
{'phase': 'training', 'arm': 'control', 'step': 550, 'target': 750, 'seconds': 8.877399500110187}
{'phase': 'training', 'arm': 'control', 'step': 575, 'target': 750, 'seconds': 9.269901917083189}
{'phase': 'training', 'arm': 'control', 'step': 600, 'target': 750, 'seconds': 9.664159000036307}
{'phase': 'training', 'arm': 'control', 'step': 625, 'target': 750, 'seconds': 10.061753167072311}
{'phase': 'training', 'arm': 'control', 'step': 650, 'target': 750, 'seconds': 10.461286125006154}
{'phase': 'training', 'arm': 'control', 'step': 675, 'target': 750, 'seconds': 10.851502667064779}
{'phase': 'training', 'arm': 'control', 'step': 700, 'target': 750, 'seconds': 11.254406042047776}
{'phase': 'training', 'arm': 'control', 'step': 725, 'target': 750, 'seconds': 11.661994584021159}
{'phase': 'training', 'arm': 'control', 'step': 750, 'target': 750, 'seconds': 12.050449584028684}
control {'step': 750, 'validation_loss': 1.8476001968383788, 'chosen': 0, 'seconds': 12.15154066705145}
{'phase': 'training', 'arm': 'joint', 'step': 0, 'target': 750, 'seconds': 7.499475032091141e-07}
joint {'step': 0, 'validation_loss': 1.8458517417907714, 'chosen': 0, 'seconds': 0.0022202079417183995}
{'phase': 'training', 'arm': 'joint', 'step': 25, 'target': 750, 'seconds': 20.675220874953084}
{'phase': 'training', 'arm': 'joint', 'step': 50, 'target': 750, 'seconds': 41.60812154097948}
{'phase': 'training', 'arm': 'joint', 'step': 75, 'target': 750, 'seconds': 63.42490291595459}
{'phase': 'training', 'arm': 'joint', 'step': 100, 'target': 750, 'seconds': 85.05434520798735}
{'phase': 'training', 'arm': 'joint', 'step': 125, 'target': 750, 'seconds': 106.20729520800523}
{'phase': 'training', 'arm': 'joint', 'step': 150, 'target': 750, 'seconds': 127.38640587497503}
{'phase': 'training', 'arm': 'joint', 'step': 175, 'target': 750, 'seconds': 148.29331612493843}
{'phase': 'training', 'arm': 'joint', 'step': 200, 'target': 750, 'seconds': 168.97778449999169}
{'phase': 'training', 'arm': 'joint', 'step': 225, 'target': 750, 'seconds': 189.69783558300696}
{'phase': 'training', 'arm': 'joint', 'step': 250, 'target': 750, 'seconds': 210.3367754999781}
joint {'step': 250, 'validation_loss': 1.8490041160583497, 'chosen': 0, 'seconds': 217.58498216595035}
{'phase': 'training', 'arm': 'joint', 'step': 275, 'target': 750, 'seconds': 238.43409200001042}
{'phase': 'training', 'arm': 'joint', 'step': 300, 'target': 750, 'seconds': 262.90476424992085}
{'phase': 'training', 'arm': 'joint', 'step': 325, 'target': 750, 'seconds': 284.0129988329718}
{'phase': 'training', 'arm': 'joint', 'step': 350, 'target': 750, 'seconds': 308.0858035829151}
{'phase': 'training', 'arm': 'joint', 'step': 375, 'target': 750, 'seconds': 328.52195970795583}
{'phase': 'training', 'arm': 'joint', 'step': 400, 'target': 750, 'seconds': 349.08236641599797}
{'phase': 'training', 'arm': 'joint', 'step': 425, 'target': 750, 'seconds': 369.98559379100334}
{'phase': 'training', 'arm': 'joint', 'step': 450, 'target': 750, 'seconds': 394.91938633297104}
{'phase': 'training', 'arm': 'joint', 'step': 475, 'target': 750, 'seconds': 415.96752641594503}
{'phase': 'training', 'arm': 'joint', 'step': 500, 'target': 750, 'seconds': 439.12764445797075}
joint {'step': 500, 'validation_loss': 1.841089138031006, 'chosen': 500, 'seconds': 447.05597570794635}
{'phase': 'training', 'arm': 'joint', 'step': 525, 'target': 750, 'seconds': 467.798106040922}
{'phase': 'training', 'arm': 'joint', 'step': 550, 'target': 750, 'seconds': 487.68275899998844}
{'phase': 'training', 'arm': 'joint', 'step': 575, 'target': 750, 'seconds': 507.6729297499405}
{'phase': 'training', 'arm': 'joint', 'step': 600, 'target': 750, 'seconds': 527.5874460829655}
{'phase': 'training', 'arm': 'joint', 'step': 625, 'target': 750, 'seconds': 547.5097495829687}
{'phase': 'training', 'arm': 'joint', 'step': 650, 'target': 750, 'seconds': 567.707241582917}
{'phase': 'training', 'arm': 'joint', 'step': 675, 'target': 750, 'seconds': 588.2420755829662}
{'phase': 'training', 'arm': 'joint', 'step': 700, 'target': 750, 'seconds': 608.2818182079354}
{'phase': 'training', 'arm': 'joint', 'step': 725, 'target': 750, 'seconds': 628.1735387078952}
{'phase': 'training', 'arm': 'joint', 'step': 750, 'target': 750, 'seconds': 648.3608479578979}
joint {'step': 750, 'validation_loss': 1.8367778549194336, 'chosen': 750, 'seconds': 655.3647060409421}
20261002-baseline {'wins': 58, 'n': 500, 'automatic_excluded': 0, 'known_mine_choices': 180, 'safe_choices': 1823, 'safe_opportunities': 2229}
20261002-control {'wins': 58, 'n': 500, 'automatic_excluded': 0, 'known_mine_choices': 180, 'safe_choices': 1823, 'safe_opportunities': 2229, 'duplicate_of': '20261002-baseline'}
20261002-joint {'wins': 77, 'n': 500, 'automatic_excluded': 0, 'known_mine_choices': 147, 'safe_choices': 1889, 'safe_opportunities': 2270}
20261003-baseline {'wins': 53, 'n': 500, 'automatic_excluded': 0, 'known_mine_choices': 164, 'safe_choices': 1588, 'safe_opportunities': 1973}
20261003-control {'wins': 53, 'n': 500, 'automatic_excluded': 0, 'known_mine_choices': 164, 'safe_choices': 1588, 'safe_opportunities': 1973, 'duplicate_of': '20261003-baseline'}
20261003-joint {'wins': 73, 'n': 500, 'automatic_excluded': 0, 'known_mine_choices': 153, 'safe_choices': 1705, 'safe_opportunities': 2096}
20261004-baseline {'wins': 51, 'n': 500, 'automatic_excluded': 0, 'known_mine_choices': 161, 'safe_choices': 1596, 'safe_opportunities': 1998}
20261004-control {'wins': 51, 'n': 500, 'automatic_excluded': 0, 'known_mine_choices': 161, 'safe_choices': 1596, 'safe_opportunities': 1998, 'duplicate_of': '20261004-baseline'}
20261004-joint {'wins': 61, 'n': 500, 'automatic_excluded': 0, 'known_mine_choices': 147, 'safe_choices': 1622, 'safe_opportunities': 1995}
