./experiments/train_orientation_fusion.py:71: UserWarning: Converting a tensor with requires_grad=True to a scalar may lead to unexpected behavior.
Consider using tensor.detach() first. (Triggered internally at /Users/runner/work/pytorch/pytorch/torch/csrc/autograd/generated/python_variable_methods.cpp:821.)
  torch.save(state,OUT/f'latest-{arm}.pt');rec=dict(phase='training',arm=arm,step=step,loss=float(loss));write_json(OUT/'progress.json',rec);print(rec,flush=True)
{'phase': 'training', 'arm': 'mean', 'step': 250, 'loss': 2.390913963317871}
{'phase': 'training', 'arm': 'mean', 'step': 500, 'loss': 2.60214900970459}
{'phase': 'training', 'arm': 'mean', 'step': 750, 'loss': 2.389798641204834}
{'phase': 'training', 'arm': 'mean', 'step': 1000, 'loss': 2.559113025665283}
{'phase': 'training', 'arm': 'mean', 'step': 1250, 'loss': 2.2937846183776855}
{'phase': 'training', 'arm': 'mean', 'step': 1500, 'loss': 2.293217182159424}
{'phase': 'training', 'arm': 'mean', 'step': 1750, 'loss': 2.446857452392578}
{'phase': 'training', 'arm': 'mean', 'step': 2000, 'loss': 2.49617338180542}
{'phase': 'training', 'arm': 'mean', 'step': 2250, 'loss': 2.4638383388519287}
{'phase': 'training', 'arm': 'mean', 'step': 2500, 'loss': 2.185953378677368}
{'phase': 'training', 'arm': 'mean', 'step': 2750, 'loss': 2.2561025619506836}
{'phase': 'training', 'arm': 'mean', 'step': 3000, 'loss': 2.270642042160034}
{'phase': 'training', 'arm': 'fusion', 'step': 250, 'loss': 2.3142523765563965}
{'phase': 'training', 'arm': 'fusion', 'step': 500, 'loss': 2.5361835956573486}
{'phase': 'training', 'arm': 'fusion', 'step': 750, 'loss': 2.2952468395233154}
{'phase': 'training', 'arm': 'fusion', 'step': 1000, 'loss': 2.4495444297790527}
{'phase': 'training', 'arm': 'fusion', 'step': 1250, 'loss': 2.225987195968628}
{'phase': 'training', 'arm': 'fusion', 'step': 1500, 'loss': 2.231161117553711}
{'phase': 'training', 'arm': 'fusion', 'step': 1750, 'loss': 2.365708827972412}
{'phase': 'training', 'arm': 'fusion', 'step': 2000, 'loss': 2.4187145233154297}
{'phase': 'training', 'arm': 'fusion', 'step': 2250, 'loss': 2.395688056945801}
{'phase': 'training', 'arm': 'fusion', 'step': 2500, 'loss': 2.103394031524658}
{'phase': 'training', 'arm': 'fusion', 'step': 2750, 'loss': 2.1634292602539062}
{'phase': 'training', 'arm': 'fusion', 'step': 3000, 'loss': 2.179691791534424}
{'phase': 'training', 'arm': 'fusion_aug', 'step': 250, 'loss': 2.3071749210357666}
{'phase': 'training', 'arm': 'fusion_aug', 'step': 500, 'loss': 2.5262742042541504}
{'phase': 'training', 'arm': 'fusion_aug', 'step': 750, 'loss': 2.324219226837158}
{'phase': 'training', 'arm': 'fusion_aug', 'step': 1000, 'loss': 2.472928524017334}
{'phase': 'training', 'arm': 'fusion_aug', 'step': 1250, 'loss': 2.253366470336914}
{'phase': 'training', 'arm': 'fusion_aug', 'step': 1500, 'loss': 2.289944648742676}
{'phase': 'training', 'arm': 'fusion_aug', 'step': 1750, 'loss': 2.3985698223114014}
{'phase': 'training', 'arm': 'fusion_aug', 'step': 2000, 'loss': 2.438936233520508}
{'phase': 'training', 'arm': 'fusion_aug', 'step': 2250, 'loss': 2.423245906829834}
{'phase': 'training', 'arm': 'fusion_aug', 'step': 2500, 'loss': 2.120391607284546}
{'phase': 'training', 'arm': 'fusion_aug', 'step': 2750, 'loss': 2.23580002784729}
{'phase': 'training', 'arm': 'fusion_aug', 'step': 3000, 'loss': 2.231700897216797}
{'phase': 'evaluation', 'arm': 'mean', 'completed': 50, 'total': 750}
{'phase': 'evaluation', 'arm': 'mean', 'completed': 100, 'total': 750}
{'phase': 'evaluation', 'arm': 'mean', 'completed': 150, 'total': 750}
{'phase': 'evaluation', 'arm': 'mean', 'completed': 200, 'total': 750}
{'phase': 'evaluation', 'arm': 'mean', 'completed': 250, 'total': 750}
{'phase': 'evaluation', 'arm': 'mean', 'completed': 300, 'total': 750}
{'phase': 'evaluation', 'arm': 'mean', 'completed': 350, 'total': 750}
{'phase': 'evaluation', 'arm': 'mean', 'completed': 400, 'total': 750}
{'phase': 'evaluation', 'arm': 'mean', 'completed': 450, 'total': 750}
{'phase': 'evaluation', 'arm': 'mean', 'completed': 500, 'total': 750}
{'phase': 'evaluation', 'arm': 'mean', 'completed': 550, 'total': 750}
{'phase': 'evaluation', 'arm': 'mean', 'completed': 600, 'total': 750}
{'phase': 'evaluation', 'arm': 'mean', 'completed': 650, 'total': 750}
{'phase': 'evaluation', 'arm': 'mean', 'completed': 700, 'total': 750}
{'phase': 'evaluation', 'arm': 'mean', 'completed': 750, 'total': 750}
{'phase': 'evaluation', 'arm': 'fusion', 'completed': 50, 'total': 750}
{'phase': 'evaluation', 'arm': 'fusion', 'completed': 100, 'total': 750}
{'phase': 'evaluation', 'arm': 'fusion', 'completed': 150, 'total': 750}
{'phase': 'evaluation', 'arm': 'fusion', 'completed': 200, 'total': 750}
{'phase': 'evaluation', 'arm': 'fusion', 'completed': 250, 'total': 750}
{'phase': 'evaluation', 'arm': 'fusion', 'completed': 300, 'total': 750}
{'phase': 'evaluation', 'arm': 'fusion', 'completed': 350, 'total': 750}
{'phase': 'evaluation', 'arm': 'fusion', 'completed': 400, 'total': 750}
{'phase': 'evaluation', 'arm': 'fusion', 'completed': 450, 'total': 750}
{'phase': 'evaluation', 'arm': 'fusion', 'completed': 500, 'total': 750}
{'phase': 'evaluation', 'arm': 'fusion', 'completed': 550, 'total': 750}
{'phase': 'evaluation', 'arm': 'fusion', 'completed': 600, 'total': 750}
{'phase': 'evaluation', 'arm': 'fusion', 'completed': 650, 'total': 750}
{'phase': 'evaluation', 'arm': 'fusion', 'completed': 700, 'total': 750}
{'phase': 'evaluation', 'arm': 'fusion', 'completed': 750, 'total': 750}
{'phase': 'evaluation', 'arm': 'fusion_aug', 'completed': 50, 'total': 750}
{'phase': 'evaluation', 'arm': 'fusion_aug', 'completed': 100, 'total': 750}
{'phase': 'evaluation', 'arm': 'fusion_aug', 'completed': 150, 'total': 750}
{'phase': 'evaluation', 'arm': 'fusion_aug', 'completed': 200, 'total': 750}
{'phase': 'evaluation', 'arm': 'fusion_aug', 'completed': 250, 'total': 750}
{'phase': 'evaluation', 'arm': 'fusion_aug', 'completed': 300, 'total': 750}
{'phase': 'evaluation', 'arm': 'fusion_aug', 'completed': 350, 'total': 750}
{'phase': 'evaluation', 'arm': 'fusion_aug', 'completed': 400, 'total': 750}
{'phase': 'evaluation', 'arm': 'fusion_aug', 'completed': 450, 'total': 750}
{'phase': 'evaluation', 'arm': 'fusion_aug', 'completed': 500, 'total': 750}
{'phase': 'evaluation', 'arm': 'fusion_aug', 'completed': 550, 'total': 750}
{'phase': 'evaluation', 'arm': 'fusion_aug', 'completed': 600, 'total': 750}
{'phase': 'evaluation', 'arm': 'fusion_aug', 'completed': 650, 'total': 750}
{'phase': 'evaluation', 'arm': 'fusion_aug', 'completed': 700, 'total': 750}
{'phase': 'evaluation', 'arm': 'fusion_aug', 'completed': 750, 'total': 750}
