{"phase": "training", "variant": "cnn", "seed": 20260924, "updates": 100, "target": 3000, "loss": 1.8918917179107666, "gradient_norm": 1.1677933931350708, "training_seconds": 0.6125276250531897}
{"phase": "training", "variant": "cnn", "seed": 20260924, "updates": 200, "target": 3000, "loss": 1.8546067476272583, "gradient_norm": 1.4963560104370117, "training_seconds": 1.2037999170133844}
{"phase": "training", "variant": "cnn", "seed": 20260924, "updates": 300, "target": 3000, "loss": 1.6263729333877563, "gradient_norm": 1.0712323188781738, "training_seconds": 1.803135750000365}
{"phase": "training", "variant": "cnn", "seed": 20260924, "updates": 400, "target": 3000, "loss": 2.1947450637817383, "gradient_norm": 1.0759499073028564, "training_seconds": 2.3968287919997238}
{"phase": "training", "variant": "cnn", "seed": 20260924, "updates": 500, "target": 3000, "loss": 1.9345325231552124, "gradient_norm": 1.328347086906433, "training_seconds": 2.9868169170222245}
{"phase": "training", "variant": "cnn", "seed": 20260924, "updates": 600, "target": 3000, "loss": 1.9731194972991943, "gradient_norm": 1.4121403694152832, "training_seconds": 3.5803895840072073}
{"phase": "training", "variant": "cnn", "seed": 20260924, "updates": 700, "target": 3000, "loss": 1.8466384410858154, "gradient_norm": 2.0661280155181885, "training_seconds": 4.174566500005312}
{"phase": "training", "variant": "cnn", "seed": 20260924, "updates": 800, "target": 3000, "loss": 1.7678520679473877, "gradient_norm": 1.4121829271316528, "training_seconds": 4.7652380840154365}
{"phase": "training", "variant": "cnn", "seed": 20260924, "updates": 900, "target": 3000, "loss": 1.9100264310836792, "gradient_norm": 1.862747311592102, "training_seconds": 5.353423500026111}
{"phase": "training", "variant": "cnn", "seed": 20260924, "updates": 1000, "target": 3000, "loss": 1.6448781490325928, "gradient_norm": 1.5187500715255737, "training_seconds": 5.954317584051751}
{"phase": "training", "variant": "cnn", "seed": 20260924, "updates": 1100, "target": 3000, "loss": 1.6177401542663574, "gradient_norm": 1.0258173942565918, "training_seconds": 6.5425080000422895}
{"phase": "training", "variant": "cnn", "seed": 20260924, "updates": 1200, "target": 3000, "loss": 2.0031967163085938, "gradient_norm": 2.7952160835266113, "training_seconds": 7.132102584000677}
{"phase": "training", "variant": "cnn", "seed": 20260924, "updates": 1300, "target": 3000, "loss": 1.4862866401672363, "gradient_norm": 1.9208605289459229, "training_seconds": 7.721550375048537}
{"phase": "training", "variant": "cnn", "seed": 20260924, "updates": 1400, "target": 3000, "loss": 1.8667782545089722, "gradient_norm": 2.3266260623931885, "training_seconds": 8.326595917053055}
{"phase": "training", "variant": "cnn", "seed": 20260924, "updates": 1500, "target": 3000, "loss": 1.3205277919769287, "gradient_norm": 1.7930830717086792, "training_seconds": 8.918493000033777}
{"phase": "training", "variant": "cnn", "seed": 20260924, "updates": 1600, "target": 3000, "loss": 1.69021475315094, "gradient_norm": 1.919721245765686, "training_seconds": 9.507651959022041}
{"phase": "training", "variant": "cnn", "seed": 20260924, "updates": 1700, "target": 3000, "loss": 1.8171637058258057, "gradient_norm": 1.0269376039505005, "training_seconds": 10.098143625014927}
{"phase": "training", "variant": "cnn", "seed": 20260924, "updates": 1800, "target": 3000, "loss": 1.7279458045959473, "gradient_norm": 1.5907973051071167, "training_seconds": 10.694594084052369}
{"phase": "training", "variant": "cnn", "seed": 20260924, "updates": 1900, "target": 3000, "loss": 2.093047857284546, "gradient_norm": 1.5944956541061401, "training_seconds": 11.2865995420143}
{"phase": "training", "variant": "cnn", "seed": 20260924, "updates": 2000, "target": 3000, "loss": 1.5498523712158203, "gradient_norm": 1.5148379802703857, "training_seconds": 11.880389584053773}
{"phase": "training", "variant": "cnn", "seed": 20260924, "updates": 2100, "target": 3000, "loss": 1.680938482284546, "gradient_norm": 1.4679713249206543, "training_seconds": 12.472430334019009}
{"phase": "training", "variant": "cnn", "seed": 20260924, "updates": 2200, "target": 3000, "loss": 1.6275970935821533, "gradient_norm": 1.3461030721664429, "training_seconds": 13.064332292007748}
{"phase": "training", "variant": "cnn", "seed": 20260924, "updates": 2300, "target": 3000, "loss": 1.8018383979797363, "gradient_norm": 1.7931005954742432, "training_seconds": 13.654952417011373}
{"phase": "training", "variant": "cnn", "seed": 20260924, "updates": 2400, "target": 3000, "loss": 1.662541389465332, "gradient_norm": 2.9363021850585938, "training_seconds": 14.243742334016133}
{"phase": "training", "variant": "cnn", "seed": 20260924, "updates": 2500, "target": 3000, "loss": 1.3913055658340454, "gradient_norm": 2.1531918048858643, "training_seconds": 14.831607334024739}
{"phase": "training", "variant": "cnn", "seed": 20260924, "updates": 2600, "target": 3000, "loss": 1.4566066265106201, "gradient_norm": 1.4747073650360107, "training_seconds": 15.418530667026062}
{"phase": "training", "variant": "cnn", "seed": 20260924, "updates": 2700, "target": 3000, "loss": 1.5549437999725342, "gradient_norm": 1.5992136001586914, "training_seconds": 16.021706375002395}
{"phase": "training", "variant": "cnn", "seed": 20260924, "updates": 2800, "target": 3000, "loss": 1.4271928071975708, "gradient_norm": 1.0888539552688599, "training_seconds": 16.615017125033773}
{"phase": "training", "variant": "cnn", "seed": 20260924, "updates": 2900, "target": 3000, "loss": 1.5944031476974487, "gradient_norm": 1.5962637662887573, "training_seconds": 17.206390125036705}
{"phase": "training", "variant": "cnn", "seed": 20260924, "updates": 3000, "target": 3000, "loss": 1.3539657592773438, "gradient_norm": 1.1936408281326294, "training_seconds": 17.80264570901636}
FINISHED cnn 20260924 977
{"phase": "training", "variant": "current", "seed": 20260924, "updates": 100, "target": 3000, "loss": 1.9875074625015259, "gradient_norm": 0.7618418335914612, "training_seconds": 25.645023082965054}
{"phase": "training", "variant": "current", "seed": 20260924, "updates": 200, "target": 3000, "loss": 2.2017173767089844, "gradient_norm": 0.7919172644615173, "training_seconds": 51.34009737498127}
{"phase": "training", "variant": "current", "seed": 20260924, "updates": 300, "target": 3000, "loss": 1.9063246250152588, "gradient_norm": 0.862346351146698, "training_seconds": 77.03600029199151}
{"phase": "training", "variant": "current", "seed": 20260924, "updates": 400, "target": 3000, "loss": 2.366358757019043, "gradient_norm": 0.7870139479637146, "training_seconds": 101.941372375004}
{"phase": "training", "variant": "current", "seed": 20260924, "updates": 500, "target": 3000, "loss": 2.0843348503112793, "gradient_norm": 0.865898072719574, "training_seconds": 126.82113016699441}
{"phase": "training", "variant": "current", "seed": 20260924, "updates": 600, "target": 3000, "loss": 2.1784887313842773, "gradient_norm": 0.7992894053459167, "training_seconds": 152.35950337495888}
{"phase": "training", "variant": "current", "seed": 20260924, "updates": 700, "target": 3000, "loss": 2.2231216430664062, "gradient_norm": 1.0793670415878296, "training_seconds": 177.20010145800188}
{"phase": "training", "variant": "current", "seed": 20260924, "updates": 800, "target": 3000, "loss": 2.1297643184661865, "gradient_norm": 0.8301962614059448, "training_seconds": 201.98937945795478}
{"phase": "training", "variant": "current", "seed": 20260924, "updates": 900, "target": 3000, "loss": 2.202655792236328, "gradient_norm": 1.0014262199401855, "training_seconds": 226.8245730829658}
{"phase": "training", "variant": "current", "seed": 20260924, "updates": 1000, "target": 3000, "loss": 1.8419482707977295, "gradient_norm": 0.793738842010498, "training_seconds": 251.71221816696925}
{"phase": "training", "variant": "current", "seed": 20260924, "updates": 1100, "target": 3000, "loss": 1.9358820915222168, "gradient_norm": 0.7981809973716736, "training_seconds": 276.49787766695954}
{"phase": "training", "variant": "current", "seed": 20260924, "updates": 1200, "target": 3000, "loss": 2.0950393676757812, "gradient_norm": 0.755287230014801, "training_seconds": 301.34357500000624}
{"phase": "training", "variant": "current", "seed": 20260924, "updates": 1300, "target": 3000, "loss": 1.6487886905670166, "gradient_norm": 0.8346303105354309, "training_seconds": 326.1523358330014}
{"phase": "training", "variant": "current", "seed": 20260924, "updates": 1400, "target": 3000, "loss": 2.1893463134765625, "gradient_norm": 0.8100301027297974, "training_seconds": 350.94530637498247}
{"phase": "training", "variant": "current", "seed": 20260924, "updates": 1500, "target": 3000, "loss": 1.5032862424850464, "gradient_norm": 0.8756404519081116, "training_seconds": 376.59186637500534}
{"phase": "training", "variant": "current", "seed": 20260924, "updates": 1600, "target": 3000, "loss": 1.8980836868286133, "gradient_norm": 0.7276389002799988, "training_seconds": 401.566895416996}
{"phase": "training", "variant": "current", "seed": 20260924, "updates": 1700, "target": 3000, "loss": 2.067124843597412, "gradient_norm": 0.7633610367774963, "training_seconds": 426.4400475829607}
{"phase": "training", "variant": "current", "seed": 20260924, "updates": 1800, "target": 3000, "loss": 1.756170630455017, "gradient_norm": 0.5993771553039551, "training_seconds": 451.3010202079895}
{"phase": "training", "variant": "current", "seed": 20260924, "updates": 1900, "target": 3000, "loss": 2.1715521812438965, "gradient_norm": 0.6121418476104736, "training_seconds": 476.21265591698466}
{"phase": "training", "variant": "current", "seed": 20260924, "updates": 2000, "target": 3000, "loss": 1.843031644821167, "gradient_norm": 0.8559817671775818, "training_seconds": 501.0898304169532}
{"phase": "training", "variant": "current", "seed": 20260924, "updates": 2100, "target": 3000, "loss": 2.0101351737976074, "gradient_norm": 0.946863055229187, "training_seconds": 525.9210080829798}
{"phase": "training", "variant": "current", "seed": 20260924, "updates": 2200, "target": 3000, "loss": 1.8760745525360107, "gradient_norm": 0.6680793762207031, "training_seconds": 550.8227746670018}
{"phase": "training", "variant": "current", "seed": 20260924, "updates": 2300, "target": 3000, "loss": 1.9844129085540771, "gradient_norm": 0.7660364508628845, "training_seconds": 575.6647501249681}
{"phase": "training", "variant": "current", "seed": 20260924, "updates": 2400, "target": 3000, "loss": 1.8653812408447266, "gradient_norm": 0.7028205394744873, "training_seconds": 600.5284359169891}
{"phase": "training", "variant": "current", "seed": 20260924, "updates": 2500, "target": 3000, "loss": 1.6626553535461426, "gradient_norm": 0.9062132239341736, "training_seconds": 625.3172097500064}
{"phase": "training", "variant": "current", "seed": 20260924, "updates": 2600, "target": 3000, "loss": 1.8422486782073975, "gradient_norm": 0.9683007597923279, "training_seconds": 650.1918172079604}
{"phase": "training", "variant": "current", "seed": 20260924, "updates": 2700, "target": 3000, "loss": 1.7524588108062744, "gradient_norm": 0.666599690914154, "training_seconds": 675.358218999987}
{"phase": "training", "variant": "current", "seed": 20260924, "updates": 2800, "target": 3000, "loss": 1.6867823600769043, "gradient_norm": 0.743618905544281, "training_seconds": 700.4334326669923}
{"phase": "training", "variant": "current", "seed": 20260924, "updates": 2900, "target": 3000, "loss": 1.7742743492126465, "gradient_norm": 0.6985542178153992, "training_seconds": 725.2938342919806}
{"phase": "training", "variant": "current", "seed": 20260924, "updates": 3000, "target": 3000, "loss": 1.6742115020751953, "gradient_norm": 0.8129734992980957, "training_seconds": 750.1289134169929}
FINISHED current 20260924 767
{"phase": "training", "variant": "encoder_only", "seed": 20260924, "updates": 100, "target": 3000, "loss": 1.9034150838851929, "gradient_norm": 0.9552373886108398, "training_seconds": 28.101066417002585}
{"phase": "training", "variant": "encoder_only", "seed": 20260924, "updates": 200, "target": 3000, "loss": 2.127342700958252, "gradient_norm": 1.1265031099319458, "training_seconds": 56.228299667011015}
{"phase": "training", "variant": "encoder_only", "seed": 20260924, "updates": 300, "target": 3000, "loss": 1.7494230270385742, "gradient_norm": 1.1488827466964722, "training_seconds": 84.35445149999578}
{"phase": "training", "variant": "encoder_only", "seed": 20260924, "updates": 400, "target": 3000, "loss": 2.3661179542541504, "gradient_norm": 1.2408719062805176, "training_seconds": 112.52251529198838}
{"phase": "training", "variant": "encoder_only", "seed": 20260924, "updates": 500, "target": 3000, "loss": 1.9144519567489624, "gradient_norm": 1.1253985166549683, "training_seconds": 140.60531141696265}
{"phase": "training", "variant": "encoder_only", "seed": 20260924, "updates": 600, "target": 3000, "loss": 2.0372016429901123, "gradient_norm": 0.893920361995697, "training_seconds": 168.76933716697386}
{"phase": "training", "variant": "encoder_only", "seed": 20260924, "updates": 700, "target": 3000, "loss": 2.091883659362793, "gradient_norm": 1.4779406785964966, "training_seconds": 196.8306062920019}
{"phase": "training", "variant": "encoder_only", "seed": 20260924, "updates": 800, "target": 3000, "loss": 1.9898412227630615, "gradient_norm": 1.0844749212265015, "training_seconds": 224.96574004198192}
{"phase": "training", "variant": "encoder_only", "seed": 20260924, "updates": 900, "target": 3000, "loss": 2.0324997901916504, "gradient_norm": 1.2087500095367432, "training_seconds": 253.35681829199893}
{"phase": "training", "variant": "encoder_only", "seed": 20260924, "updates": 1000, "target": 3000, "loss": 1.7454986572265625, "gradient_norm": 1.0451667308807373, "training_seconds": 281.4998674999806}
{"phase": "training", "variant": "encoder_only", "seed": 20260924, "updates": 1100, "target": 3000, "loss": 1.7379415035247803, "gradient_norm": 1.1039836406707764, "training_seconds": 309.6460555419908}
{"phase": "training", "variant": "encoder_only", "seed": 20260924, "updates": 1200, "target": 3000, "loss": 2.014181137084961, "gradient_norm": 1.1584869623184204, "training_seconds": 337.7783392079873}
{"phase": "training", "variant": "encoder_only", "seed": 20260924, "updates": 1300, "target": 3000, "loss": 1.6721322536468506, "gradient_norm": 1.3811187744140625, "training_seconds": 365.86226924997754}
{"phase": "training", "variant": "encoder_only", "seed": 20260924, "updates": 1400, "target": 3000, "loss": 1.992746353149414, "gradient_norm": 1.0768972635269165, "training_seconds": 394.0181924579665}
{"phase": "training", "variant": "encoder_only", "seed": 20260924, "updates": 1500, "target": 3000, "loss": 1.3507075309753418, "gradient_norm": 1.0823893547058105, "training_seconds": 422.15831400000025}
{"phase": "training", "variant": "encoder_only", "seed": 20260924, "updates": 1600, "target": 3000, "loss": 1.831419825553894, "gradient_norm": 1.2134095430374146, "training_seconds": 450.20955591701204}
{"phase": "training", "variant": "encoder_only", "seed": 20260924, "updates": 1700, "target": 3000, "loss": 1.94554603099823, "gradient_norm": 1.095589280128479, "training_seconds": 478.7368604579824}
{"phase": "training", "variant": "encoder_only", "seed": 20260924, "updates": 1800, "target": 3000, "loss": 1.7032356262207031, "gradient_norm": 0.9956868290901184, "training_seconds": 507.10733204201097}
{"phase": "training", "variant": "encoder_only", "seed": 20260924, "updates": 1900, "target": 3000, "loss": 2.082770824432373, "gradient_norm": 0.9651078581809998, "training_seconds": 535.3064024170162}
{"phase": "training", "variant": "encoder_only", "seed": 20260924, "updates": 2000, "target": 3000, "loss": 1.7331061363220215, "gradient_norm": 1.2298245429992676, "training_seconds": 563.4597098749946}
{"phase": "training", "variant": "encoder_only", "seed": 20260924, "updates": 2100, "target": 3000, "loss": 1.9045097827911377, "gradient_norm": 1.483473539352417, "training_seconds": 591.6334124169662}
{"phase": "training", "variant": "encoder_only", "seed": 20260924, "updates": 2200, "target": 3000, "loss": 1.794257402420044, "gradient_norm": 0.9995380640029907, "training_seconds": 619.7599922919762}
{"phase": "training", "variant": "encoder_only", "seed": 20260924, "updates": 2300, "target": 3000, "loss": 1.819490909576416, "gradient_norm": 1.1248281002044678, "training_seconds": 647.8947753329994}
{"phase": "training", "variant": "encoder_only", "seed": 20260924, "updates": 2400, "target": 3000, "loss": 1.7705038785934448, "gradient_norm": 0.997238278388977, "training_seconds": 676.9442860829877}
{"phase": "training", "variant": "encoder_only", "seed": 20260924, "updates": 2500, "target": 3000, "loss": 1.4589519500732422, "gradient_norm": 1.2899620532989502, "training_seconds": 706.6085537080071}
{"phase": "training", "variant": "encoder_only", "seed": 20260924, "updates": 2600, "target": 3000, "loss": 1.6637938022613525, "gradient_norm": 1.3299449682235718, "training_seconds": 736.2279847500031}
{"phase": "training", "variant": "encoder_only", "seed": 20260924, "updates": 2700, "target": 3000, "loss": 1.5798170566558838, "gradient_norm": 0.8358725905418396, "training_seconds": 765.9302431250107}
{"phase": "training", "variant": "encoder_only", "seed": 20260924, "updates": 2800, "target": 3000, "loss": 1.5250247716903687, "gradient_norm": 1.0249234437942505, "training_seconds": 798.5899009999703}
{"phase": "training", "variant": "encoder_only", "seed": 20260924, "updates": 2900, "target": 3000, "loss": 1.6143485307693481, "gradient_norm": 0.8808043003082275, "training_seconds": 829.4100187919685}
{"phase": "training", "variant": "encoder_only", "seed": 20260924, "updates": 3000, "target": 3000, "loss": 1.5589232444763184, "gradient_norm": 1.245095133781433, "training_seconds": 859.7563176249969}
FINISHED encoder_only 20260924 855
{"phase": "training", "variant": "internal_only", "seed": 20260924, "updates": 100, "target": 3000, "loss": 1.8047394752502441, "gradient_norm": 2.270294189453125, "training_seconds": 31.373607166984584}
{"phase": "training", "variant": "internal_only", "seed": 20260924, "updates": 200, "target": 3000, "loss": 1.96994948387146, "gradient_norm": 2.04746413230896, "training_seconds": 62.92181024997262}
{"phase": "training", "variant": "internal_only", "seed": 20260924, "updates": 300, "target": 3000, "loss": 1.715991497039795, "gradient_norm": 2.2164268493652344, "training_seconds": 94.2789648330072}
{"phase": "training", "variant": "internal_only", "seed": 20260924, "updates": 400, "target": 3000, "loss": 2.380084276199341, "gradient_norm": 2.1013317108154297, "training_seconds": 125.69465641700663}
{"phase": "training", "variant": "internal_only", "seed": 20260924, "updates": 500, "target": 3000, "loss": 1.856205701828003, "gradient_norm": 1.7291548252105713, "training_seconds": 157.56309795798734}
{"phase": "training", "variant": "internal_only", "seed": 20260924, "updates": 600, "target": 3000, "loss": 2.1234140396118164, "gradient_norm": 1.9395577907562256, "training_seconds": 189.22437645797618}
{"phase": "training", "variant": "internal_only", "seed": 20260924, "updates": 700, "target": 3000, "loss": 2.140329122543335, "gradient_norm": 2.6315877437591553, "training_seconds": 220.67841137497453}
{"phase": "training", "variant": "internal_only", "seed": 20260924, "updates": 800, "target": 3000, "loss": 2.026045799255371, "gradient_norm": 1.9936341047286987, "training_seconds": 252.17492179200053}
{"phase": "training", "variant": "internal_only", "seed": 20260924, "updates": 900, "target": 3000, "loss": 2.1223487854003906, "gradient_norm": 2.129607915878296, "training_seconds": 283.4137626250158}
{"phase": "training", "variant": "internal_only", "seed": 20260924, "updates": 1000, "target": 3000, "loss": 1.830049753189087, "gradient_norm": 1.803722858428955, "training_seconds": 314.9868711250019}
{"phase": "training", "variant": "internal_only", "seed": 20260924, "updates": 1100, "target": 3000, "loss": 1.8367969989776611, "gradient_norm": 1.8493400812149048, "training_seconds": 351.1950520829996}
{"phase": "training", "variant": "internal_only", "seed": 20260924, "updates": 1200, "target": 3000, "loss": 2.0727672576904297, "gradient_norm": 1.828566551208496, "training_seconds": 385.6836235829978}
{"phase": "training", "variant": "internal_only", "seed": 20260924, "updates": 1300, "target": 3000, "loss": 1.6365350484848022, "gradient_norm": 1.9686776399612427, "training_seconds": 417.13059679197613}
{"phase": "training", "variant": "internal_only", "seed": 20260924, "updates": 1400, "target": 3000, "loss": 2.1153860092163086, "gradient_norm": 1.9158813953399658, "training_seconds": 448.4982995419996}
{"phase": "training", "variant": "internal_only", "seed": 20260924, "updates": 1500, "target": 3000, "loss": 1.4072890281677246, "gradient_norm": 1.6973599195480347, "training_seconds": 481.7203769580228}
{"phase": "training", "variant": "internal_only", "seed": 20260924, "updates": 1600, "target": 3000, "loss": 1.9114151000976562, "gradient_norm": 1.7540448904037476, "training_seconds": 519.4759868750116}
{"phase": "training", "variant": "internal_only", "seed": 20260924, "updates": 1700, "target": 3000, "loss": 2.0129153728485107, "gradient_norm": 1.6722707748413086, "training_seconds": 552.2873438749812}
{"phase": "training", "variant": "internal_only", "seed": 20260924, "updates": 1800, "target": 3000, "loss": 1.7766116857528687, "gradient_norm": 1.5665366649627686, "training_seconds": 583.1156477920013}
{"phase": "training", "variant": "internal_only", "seed": 20260924, "updates": 1900, "target": 3000, "loss": 2.1809933185577393, "gradient_norm": 1.3250184059143066, "training_seconds": 613.9281362500042}
{"phase": "training", "variant": "internal_only", "seed": 20260924, "updates": 2000, "target": 3000, "loss": 1.8601816892623901, "gradient_norm": 2.412303924560547, "training_seconds": 644.7546704579727}
{"phase": "training", "variant": "internal_only", "seed": 20260924, "updates": 2100, "target": 3000, "loss": 2.0461459159851074, "gradient_norm": 2.543309211730957, "training_seconds": 691.3888193750172}
{"phase": "training", "variant": "internal_only", "seed": 20260924, "updates": 2200, "target": 3000, "loss": 1.8630094528198242, "gradient_norm": 1.6973360776901245, "training_seconds": 751.8674998329952}
{"phase": "training", "variant": "internal_only", "seed": 20260924, "updates": 2300, "target": 3000, "loss": 1.9474047422409058, "gradient_norm": 1.7876907587051392, "training_seconds": 807.0759987080237}
{"phase": "training", "variant": "internal_only", "seed": 20260924, "updates": 2400, "target": 3000, "loss": 1.9162877798080444, "gradient_norm": 1.8023955821990967, "training_seconds": 858.164971249993}
{"phase": "training", "variant": "internal_only", "seed": 20260924, "updates": 2500, "target": 3000, "loss": 1.6424448490142822, "gradient_norm": 2.478281021118164, "training_seconds": 904.6787339579896}
{"phase": "training", "variant": "internal_only", "seed": 20260924, "updates": 2600, "target": 3000, "loss": 1.9148542881011963, "gradient_norm": 2.539079189300537, "training_seconds": 948.1940360000008}
{"phase": "training", "variant": "internal_only", "seed": 20260924, "updates": 2700, "target": 3000, "loss": 1.8279616832733154, "gradient_norm": 1.8826594352722168, "training_seconds": 991.3701909999945}
{"phase": "training", "variant": "internal_only", "seed": 20260924, "updates": 2800, "target": 3000, "loss": 1.6802172660827637, "gradient_norm": 1.7776623964309692, "training_seconds": 1047.8511670000153}
{"phase": "training", "variant": "internal_only", "seed": 20260924, "updates": 2900, "target": 3000, "loss": 1.8400646448135376, "gradient_norm": 1.8309298753738403, "training_seconds": 1089.5613664169796}
{"phase": "training", "variant": "internal_only", "seed": 20260924, "updates": 3000, "target": 3000, "loss": 1.8024910688400269, "gradient_norm": 2.8619604110717773, "training_seconds": 1129.5928056670236}
FINISHED internal_only 20260924 806
{"phase": "training", "variant": "both", "seed": 20260924, "updates": 100, "target": 3000, "loss": 1.7468013763427734, "gradient_norm": 2.196737289428711, "training_seconds": 70.0332768340013}
{"phase": "training", "variant": "both", "seed": 20260924, "updates": 200, "target": 3000, "loss": 1.8827745914459229, "gradient_norm": 2.1655142307281494, "training_seconds": 132.13652308401652}
{"phase": "training", "variant": "both", "seed": 20260924, "updates": 300, "target": 3000, "loss": 1.59959876537323, "gradient_norm": 2.0410149097442627, "training_seconds": 184.91843375004828}
{"phase": "training", "variant": "both", "seed": 20260924, "updates": 400, "target": 3000, "loss": 2.415269374847412, "gradient_norm": 2.2875897884368896, "training_seconds": 237.3845358340186}
{"phase": "training", "variant": "both", "seed": 20260924, "updates": 500, "target": 3000, "loss": 1.8922865390777588, "gradient_norm": 2.0355660915374756, "training_seconds": 287.1309849170502}
{"phase": "training", "variant": "both", "seed": 20260924, "updates": 600, "target": 3000, "loss": 2.028687000274658, "gradient_norm": 1.7605881690979004, "training_seconds": 327.41295087500475}
{"phase": "training", "variant": "both", "seed": 20260924, "updates": 700, "target": 3000, "loss": 2.0517542362213135, "gradient_norm": 2.6359734535217285, "training_seconds": 364.5860813750187}
{"phase": "training", "variant": "both", "seed": 20260924, "updates": 800, "target": 3000, "loss": 1.9091436862945557, "gradient_norm": 1.9443247318267822, "training_seconds": 399.86951316701015}
{"phase": "training", "variant": "both", "seed": 20260924, "updates": 900, "target": 3000, "loss": 1.9807944297790527, "gradient_norm": 1.949846863746643, "training_seconds": 440.6661267920281}
{"phase": "training", "variant": "both", "seed": 20260924, "updates": 1000, "target": 3000, "loss": 1.7534996271133423, "gradient_norm": 1.6535671949386597, "training_seconds": 484.9662790840375}
{"phase": "training", "variant": "both", "seed": 20260924, "updates": 1100, "target": 3000, "loss": 1.7474861145019531, "gradient_norm": 1.9459314346313477, "training_seconds": 527.9790146250161}
{"phase": "training", "variant": "both", "seed": 20260924, "updates": 1200, "target": 3000, "loss": 1.999897837638855, "gradient_norm": 1.8147553205490112, "training_seconds": 572.248839250009}
{"phase": "training", "variant": "both", "seed": 20260924, "updates": 1300, "target": 3000, "loss": 1.6881722211837769, "gradient_norm": 2.277533769607544, "training_seconds": 612.3799933340051}
{"phase": "training", "variant": "both", "seed": 20260924, "updates": 1400, "target": 3000, "loss": 2.036527633666992, "gradient_norm": 1.8293166160583496, "training_seconds": 652.5652069170028}
{"phase": "training", "variant": "both", "seed": 20260924, "updates": 1500, "target": 3000, "loss": 1.3525121212005615, "gradient_norm": 1.6120933294296265, "training_seconds": 688.5877634999924}
{"phase": "training", "variant": "both", "seed": 20260924, "updates": 1600, "target": 3000, "loss": 1.8862991333007812, "gradient_norm": 1.6936835050582886, "training_seconds": 727.0019575420301}
{"phase": "training", "variant": "both", "seed": 20260924, "updates": 1700, "target": 3000, "loss": 1.9726040363311768, "gradient_norm": 1.727170705795288, "training_seconds": 771.3545865840279}
{"phase": "training", "variant": "both", "seed": 20260924, "updates": 1800, "target": 3000, "loss": 1.7483203411102295, "gradient_norm": 1.709177017211914, "training_seconds": 815.5615688750404}
{"phase": "training", "variant": "both", "seed": 20260924, "updates": 1900, "target": 3000, "loss": 2.1602234840393066, "gradient_norm": 1.5172874927520752, "training_seconds": 858.6923420840176}
{"phase": "training", "variant": "both", "seed": 20260924, "updates": 2000, "target": 3000, "loss": 1.817134976387024, "gradient_norm": 2.494814157485962, "training_seconds": 902.4600255420082}
{"phase": "training", "variant": "both", "seed": 20260924, "updates": 2100, "target": 3000, "loss": 2.068256378173828, "gradient_norm": 2.6623005867004395, "training_seconds": 939.0433955000481}
{"phase": "training", "variant": "both", "seed": 20260924, "updates": 2200, "target": 3000, "loss": 1.8024988174438477, "gradient_norm": 1.5335925817489624, "training_seconds": 974.1283819170203}
{"phase": "training", "variant": "both", "seed": 20260924, "updates": 2300, "target": 3000, "loss": 1.8981494903564453, "gradient_norm": 1.9194825887680054, "training_seconds": 1009.1994832089986}
{"phase": "training", "variant": "both", "seed": 20260924, "updates": 2400, "target": 3000, "loss": 1.8803032636642456, "gradient_norm": 1.9233343601226807, "training_seconds": 1060.9498261249973}
{"phase": "training", "variant": "both", "seed": 20260924, "updates": 2500, "target": 3000, "loss": 1.543965220451355, "gradient_norm": 2.197352647781372, "training_seconds": 1096.973963833996}
{"phase": "training", "variant": "both", "seed": 20260924, "updates": 2600, "target": 3000, "loss": 1.8912100791931152, "gradient_norm": 2.5479559898376465, "training_seconds": 1133.8420788749936}
{"phase": "training", "variant": "both", "seed": 20260924, "updates": 2700, "target": 3000, "loss": 1.7372002601623535, "gradient_norm": 1.6475969552993774, "training_seconds": 1168.8351324170362}
{"phase": "training", "variant": "both", "seed": 20260924, "updates": 2800, "target": 3000, "loss": 1.6633076667785645, "gradient_norm": 2.0144364833831787, "training_seconds": 1204.0406861670199}
{"phase": "training", "variant": "both", "seed": 20260924, "updates": 2900, "target": 3000, "loss": 1.813114881515503, "gradient_norm": 1.8905818462371826, "training_seconds": 1239.1583678339957}
{"phase": "training", "variant": "both", "seed": 20260924, "updates": 3000, "target": 3000, "loss": 1.641695499420166, "gradient_norm": 2.2225382328033447, "training_seconds": 1274.2635764590232}
FINISHED both 20260924 828
