{'phase': 'training', 'arm': 'control', 'step': 250, 'validation_loss': 1.822875988006592}
{'phase': 'training', 'arm': 'control', 'step': 500, 'validation_loss': 1.815143611907959}
{'phase': 'training', 'arm': 'control', 'step': 750, 'validation_loss': 1.8114854164123535}
{'phase': 'training', 'arm': 'control', 'step': 1000, 'validation_loss': 1.8211797008514403}
{'phase': 'training', 'arm': 'control', 'step': 1250, 'validation_loss': 1.820258752822876}
{'phase': 'training', 'arm': 'control', 'step': 1500, 'validation_loss': 1.8217175045013427}
{'phase': 'training', 'arm': 'replay', 'step': 250, 'validation_loss': 1.8115585403442382}
{'phase': 'training', 'arm': 'replay', 'step': 500, 'validation_loss': 1.801559928894043}
{'phase': 'training', 'arm': 'replay', 'step': 750, 'validation_loss': 1.7969018535614014}
{'phase': 'training', 'arm': 'replay', 'step': 1000, 'validation_loss': 1.8076537799835206}
{'phase': 'training', 'arm': 'replay', 'step': 1250, 'validation_loss': 1.7994278659820557}
{'phase': 'training', 'arm': 'replay', 'step': 1500, 'validation_loss': 1.8041859951019288}
{'phase': 'evaluation', 'arm': 'baseline', 'completed': 50, 'total': 750}
{'phase': 'evaluation', 'arm': 'baseline', 'completed': 100, 'total': 750}
{'phase': 'evaluation', 'arm': 'baseline', 'completed': 150, 'total': 750}
{'phase': 'evaluation', 'arm': 'baseline', 'completed': 200, 'total': 750}
{'phase': 'evaluation', 'arm': 'baseline', 'completed': 250, 'total': 750}
{'phase': 'evaluation', 'arm': 'baseline', 'completed': 300, 'total': 750}
{'phase': 'evaluation', 'arm': 'baseline', 'completed': 350, 'total': 750}
{'phase': 'evaluation', 'arm': 'baseline', 'completed': 400, 'total': 750}
{'phase': 'evaluation', 'arm': 'baseline', 'completed': 450, 'total': 750}
{'phase': 'evaluation', 'arm': 'baseline', 'completed': 500, 'total': 750}
{'phase': 'evaluation', 'arm': 'baseline', 'completed': 550, 'total': 750}
{'phase': 'evaluation', 'arm': 'baseline', 'completed': 600, 'total': 750}
{'phase': 'evaluation', 'arm': 'baseline', 'completed': 650, 'total': 750}
{'phase': 'evaluation', 'arm': 'baseline', 'completed': 700, 'total': 750}
{'phase': 'evaluation', 'arm': 'baseline', 'completed': 750, 'total': 750}
{'phase': 'evaluation', 'arm': 'control', 'completed': 50, 'total': 750}
{'phase': 'evaluation', 'arm': 'control', 'completed': 100, 'total': 750}
{'phase': 'evaluation', 'arm': 'control', 'completed': 150, 'total': 750}
{'phase': 'evaluation', 'arm': 'control', 'completed': 200, 'total': 750}
{'phase': 'evaluation', 'arm': 'control', 'completed': 250, 'total': 750}
{'phase': 'evaluation', 'arm': 'control', 'completed': 300, 'total': 750}
{'phase': 'evaluation', 'arm': 'control', 'completed': 350, 'total': 750}
{'phase': 'evaluation', 'arm': 'control', 'completed': 400, 'total': 750}
{'phase': 'evaluation', 'arm': 'control', 'completed': 450, 'total': 750}
{'phase': 'evaluation', 'arm': 'control', 'completed': 500, 'total': 750}
{'phase': 'evaluation', 'arm': 'control', 'completed': 550, 'total': 750}
{'phase': 'evaluation', 'arm': 'control', 'completed': 600, 'total': 750}
{'phase': 'evaluation', 'arm': 'control', 'completed': 650, 'total': 750}
{'phase': 'evaluation', 'arm': 'control', 'completed': 700, 'total': 750}
{'phase': 'evaluation', 'arm': 'control', 'completed': 750, 'total': 750}
{'phase': 'evaluation', 'arm': 'replay', 'completed': 50, 'total': 750}
{'phase': 'evaluation', 'arm': 'replay', 'completed': 100, 'total': 750}
{'phase': 'evaluation', 'arm': 'replay', 'completed': 150, 'total': 750}
{'phase': 'evaluation', 'arm': 'replay', 'completed': 200, 'total': 750}
{'phase': 'evaluation', 'arm': 'replay', 'completed': 250, 'total': 750}
{'phase': 'evaluation', 'arm': 'replay', 'completed': 300, 'total': 750}
{'phase': 'evaluation', 'arm': 'replay', 'completed': 350, 'total': 750}
{'phase': 'evaluation', 'arm': 'replay', 'completed': 400, 'total': 750}
{'phase': 'evaluation', 'arm': 'replay', 'completed': 450, 'total': 750}
{'phase': 'evaluation', 'arm': 'replay', 'completed': 500, 'total': 750}
{'phase': 'evaluation', 'arm': 'replay', 'completed': 550, 'total': 750}
{'phase': 'evaluation', 'arm': 'replay', 'completed': 600, 'total': 750}
{'phase': 'evaluation', 'arm': 'replay', 'completed': 650, 'total': 750}
{'phase': 'evaluation', 'arm': 'replay', 'completed': 700, 'total': 750}
{'phase': 'evaluation', 'arm': 'replay', 'completed': 750, 'total': 750}
{'phase': 'training', 'arm': 'control', 'step': 250, 'validation_loss': 1.8026542987823486}
{'phase': 'training', 'arm': 'control', 'step': 500, 'validation_loss': 1.804433874130249}
{'phase': 'training', 'arm': 'control', 'step': 750, 'validation_loss': 1.7972586479187012}
{'phase': 'training', 'arm': 'control', 'step': 1000, 'validation_loss': 1.8024893550872803}
{'phase': 'training', 'arm': 'control', 'step': 1250, 'validation_loss': 1.8060499210357666}
{'phase': 'training', 'arm': 'control', 'step': 1500, 'validation_loss': 1.8011192417144775}
{'phase': 'training', 'arm': 'replay', 'step': 250, 'validation_loss': 1.7948473892211914}
{'phase': 'training', 'arm': 'replay', 'step': 500, 'validation_loss': 1.7982252712249756}
{'phase': 'training', 'arm': 'replay', 'step': 750, 'validation_loss': 1.786081729888916}
{'phase': 'training', 'arm': 'replay', 'step': 1000, 'validation_loss': 1.7914154586791993}
{'phase': 'training', 'arm': 'replay', 'step': 1250, 'validation_loss': 1.7919514827728271}
{'phase': 'training', 'arm': 'replay', 'step': 1500, 'validation_loss': 1.787537281036377}
{'phase': 'evaluation', 'arm': 'baseline', 'completed': 50, 'total': 750}
{'phase': 'evaluation', 'arm': 'baseline', 'completed': 100, 'total': 750}
{'phase': 'evaluation', 'arm': 'baseline', 'completed': 150, 'total': 750}
