{'phase': 'training', 'arm': 'control', 'step': 250, 'validation_loss': 1.7892945175170898}
{'phase': 'training', 'arm': 'control', 'step': 500, 'validation_loss': 1.7917121658325195}
{'phase': 'training', 'arm': 'control', 'step': 750, 'validation_loss': 1.7901816253662108}
{'phase': 'training', 'arm': 'control', 'step': 1000, 'validation_loss': 1.7915012245178223}
{'phase': 'training', 'arm': 'control', 'step': 1250, 'validation_loss': 1.7988073997497558}
{'phase': 'training', 'arm': 'control', 'step': 1500, 'validation_loss': 1.7955737705230712}
{'phase': 'training', 'arm': 'replay', 'step': 250, 'validation_loss': 1.7740703830718993}
{'phase': 'training', 'arm': 'replay', 'step': 500, 'validation_loss': 1.7782747764587403}
{'phase': 'training', 'arm': 'replay', 'step': 750, 'validation_loss': 1.7764021205902099}
{'phase': 'training', 'arm': 'replay', 'step': 1000, 'validation_loss': 1.78360129737854}
{'phase': 'training', 'arm': 'replay', 'step': 1250, 'validation_loss': 1.7829090938568115}
{'phase': 'training', 'arm': 'replay', 'step': 1500, 'validation_loss': 1.7781787185668945}
{'phase': 'evaluation', 'arm': 'baseline', 'completed': 50, 'total': 750}
{'phase': 'evaluation', 'arm': 'baseline', 'completed': 100, 'total': 750}
{'phase': 'evaluation', 'arm': 'baseline', 'completed': 150, 'total': 750}
{'phase': 'evaluation', 'arm': 'baseline', 'completed': 200, 'total': 750}
{'phase': 'evaluation', 'arm': 'baseline', 'completed': 250, 'total': 750}
{'phase': 'evaluation', 'arm': 'baseline', 'completed': 300, 'total': 750}
{'phase': 'evaluation', 'arm': 'baseline', 'completed': 350, 'total': 750}
{'phase': 'evaluation', 'arm': 'baseline', 'completed': 400, 'total': 750}
{'phase': 'evaluation', 'arm': 'baseline', 'completed': 450, 'total': 750}
{'phase': 'evaluation', 'arm': 'baseline', 'completed': 500, 'total': 750}
{'phase': 'evaluation', 'arm': 'baseline', 'completed': 550, 'total': 750}
{'phase': 'evaluation', 'arm': 'baseline', 'completed': 600, 'total': 750}
{'phase': 'evaluation', 'arm': 'baseline', 'completed': 650, 'total': 750}
{'phase': 'evaluation', 'arm': 'baseline', 'completed': 700, 'total': 750}
{'phase': 'evaluation', 'arm': 'baseline', 'completed': 750, 'total': 750}
{'phase': 'evaluation', 'arm': 'control', 'completed': 50, 'total': 750}
{'phase': 'evaluation', 'arm': 'control', 'completed': 100, 'total': 750}
{'phase': 'evaluation', 'arm': 'control', 'completed': 150, 'total': 750}
{'phase': 'evaluation', 'arm': 'control', 'completed': 200, 'total': 750}
{'phase': 'evaluation', 'arm': 'control', 'completed': 250, 'total': 750}
{'phase': 'evaluation', 'arm': 'control', 'completed': 300, 'total': 750}
{'phase': 'evaluation', 'arm': 'control', 'completed': 350, 'total': 750}
{'phase': 'evaluation', 'arm': 'control', 'completed': 400, 'total': 750}
{'phase': 'evaluation', 'arm': 'control', 'completed': 450, 'total': 750}
{'phase': 'evaluation', 'arm': 'control', 'completed': 500, 'total': 750}
{'phase': 'evaluation', 'arm': 'control', 'completed': 550, 'total': 750}
{'phase': 'evaluation', 'arm': 'control', 'completed': 600, 'total': 750}
{'phase': 'evaluation', 'arm': 'control', 'completed': 650, 'total': 750}
{'phase': 'evaluation', 'arm': 'control', 'completed': 700, 'total': 750}
{'phase': 'evaluation', 'arm': 'control', 'completed': 750, 'total': 750}
{'phase': 'evaluation', 'arm': 'replay', 'completed': 50, 'total': 750}
{'phase': 'evaluation', 'arm': 'replay', 'completed': 100, 'total': 750}
{'phase': 'evaluation', 'arm': 'replay', 'completed': 150, 'total': 750}
{'phase': 'evaluation', 'arm': 'replay', 'completed': 200, 'total': 750}
{'phase': 'evaluation', 'arm': 'replay', 'completed': 250, 'total': 750}
{'phase': 'evaluation', 'arm': 'replay', 'completed': 300, 'total': 750}
{'phase': 'evaluation', 'arm': 'replay', 'completed': 350, 'total': 750}
{'phase': 'evaluation', 'arm': 'replay', 'completed': 400, 'total': 750}
{'phase': 'evaluation', 'arm': 'replay', 'completed': 450, 'total': 750}
{'phase': 'evaluation', 'arm': 'replay', 'completed': 500, 'total': 750}
{'phase': 'evaluation', 'arm': 'replay', 'completed': 550, 'total': 750}
{'phase': 'evaluation', 'arm': 'replay', 'completed': 600, 'total': 750}
{'phase': 'evaluation', 'arm': 'replay', 'completed': 650, 'total': 750}
{'phase': 'evaluation', 'arm': 'replay', 'completed': 700, 'total': 750}
{'phase': 'evaluation', 'arm': 'replay', 'completed': 750, 'total': 750}
