{"phase": "training", "variant": "cnn", "seed": 20260926, "updates": 100, "target": 3000, "loss": 2.1368930339813232, "gradient_norm": 0.8475298881530762, "training_seconds": 0.634360458003357}
{"phase": "training", "variant": "cnn", "seed": 20260926, "updates": 200, "target": 3000, "loss": 1.9545503854751587, "gradient_norm": 0.9967326521873474, "training_seconds": 1.262594000028912}
{"phase": "training", "variant": "cnn", "seed": 20260926, "updates": 300, "target": 3000, "loss": 1.8736757040023804, "gradient_norm": 1.3796292543411255, "training_seconds": 1.8894632500014268}
{"phase": "training", "variant": "cnn", "seed": 20260926, "updates": 400, "target": 3000, "loss": 2.2051758766174316, "gradient_norm": 1.2353181838989258, "training_seconds": 2.5171993330004625}
{"phase": "training", "variant": "cnn", "seed": 20260926, "updates": 500, "target": 3000, "loss": 2.1586012840270996, "gradient_norm": 1.23114013671875, "training_seconds": 3.139060874993447}
{"phase": "training", "variant": "cnn", "seed": 20260926, "updates": 600, "target": 3000, "loss": 2.077200412750244, "gradient_norm": 1.6888854503631592, "training_seconds": 3.7622798749944195}
{"phase": "training", "variant": "cnn", "seed": 20260926, "updates": 700, "target": 3000, "loss": 1.8045194149017334, "gradient_norm": 1.9225276708602905, "training_seconds": 4.3933650410035625}
{"phase": "training", "variant": "cnn", "seed": 20260926, "updates": 800, "target": 3000, "loss": 1.4809232950210571, "gradient_norm": 1.8756117820739746, "training_seconds": 5.036729999992531}
{"phase": "training", "variant": "cnn", "seed": 20260926, "updates": 900, "target": 3000, "loss": 1.9597432613372803, "gradient_norm": 1.3374581336975098, "training_seconds": 5.667358958045952}
{"phase": "training", "variant": "cnn", "seed": 20260926, "updates": 1000, "target": 3000, "loss": 2.100393533706665, "gradient_norm": 1.3547481298446655, "training_seconds": 6.289622166019399}
{"phase": "training", "variant": "cnn", "seed": 20260926, "updates": 1100, "target": 3000, "loss": 1.7659063339233398, "gradient_norm": 1.2997645139694214, "training_seconds": 6.916932624997571}
{"phase": "training", "variant": "cnn", "seed": 20260926, "updates": 1200, "target": 3000, "loss": 1.8975268602371216, "gradient_norm": 1.681461215019226, "training_seconds": 7.536594208038878}
{"phase": "training", "variant": "cnn", "seed": 20260926, "updates": 1300, "target": 3000, "loss": 1.8661322593688965, "gradient_norm": 1.7651244401931763, "training_seconds": 8.159434458008036}
{"phase": "training", "variant": "cnn", "seed": 20260926, "updates": 1400, "target": 3000, "loss": 1.8025201559066772, "gradient_norm": 1.2572585344314575, "training_seconds": 8.781758875004016}
{"phase": "training", "variant": "cnn", "seed": 20260926, "updates": 1500, "target": 3000, "loss": 1.722294569015503, "gradient_norm": 1.3695225715637207, "training_seconds": 9.416026625025552}
{"phase": "training", "variant": "cnn", "seed": 20260926, "updates": 1600, "target": 3000, "loss": 1.6040176153182983, "gradient_norm": 1.646690011024475, "training_seconds": 10.039312333043199}
{"phase": "training", "variant": "cnn", "seed": 20260926, "updates": 1700, "target": 3000, "loss": 1.8065391778945923, "gradient_norm": 1.5830835103988647, "training_seconds": 10.669965458044317}
{"phase": "training", "variant": "cnn", "seed": 20260926, "updates": 1800, "target": 3000, "loss": 1.9108412265777588, "gradient_norm": 2.392906427383423, "training_seconds": 11.295506583002862}
{"phase": "training", "variant": "cnn", "seed": 20260926, "updates": 1900, "target": 3000, "loss": 1.6875646114349365, "gradient_norm": 1.3876771926879883, "training_seconds": 11.916396624990739}
{"phase": "training", "variant": "cnn", "seed": 20260926, "updates": 2000, "target": 3000, "loss": 1.6318012475967407, "gradient_norm": 1.341070532798767, "training_seconds": 12.538359208032489}
{"phase": "training", "variant": "cnn", "seed": 20260926, "updates": 2100, "target": 3000, "loss": 1.5041375160217285, "gradient_norm": 2.4101078510284424, "training_seconds": 13.16243987501366}
{"phase": "training", "variant": "cnn", "seed": 20260926, "updates": 2200, "target": 3000, "loss": 1.4932470321655273, "gradient_norm": 1.6641154289245605, "training_seconds": 13.78388633299619}
{"phase": "training", "variant": "cnn", "seed": 20260926, "updates": 2300, "target": 3000, "loss": 1.3305082321166992, "gradient_norm": 2.062358856201172, "training_seconds": 14.420674041029997}
{"phase": "training", "variant": "cnn", "seed": 20260926, "updates": 2400, "target": 3000, "loss": 1.4408273696899414, "gradient_norm": 1.5671977996826172, "training_seconds": 15.053562749992125}
{"phase": "training", "variant": "cnn", "seed": 20260926, "updates": 2500, "target": 3000, "loss": 1.8590871095657349, "gradient_norm": 1.5412007570266724, "training_seconds": 15.68299450003542}
{"phase": "training", "variant": "cnn", "seed": 20260926, "updates": 2600, "target": 3000, "loss": 1.4846971035003662, "gradient_norm": 2.187859296798706, "training_seconds": 16.30625141604105}
{"phase": "training", "variant": "cnn", "seed": 20260926, "updates": 2700, "target": 3000, "loss": 1.8484275341033936, "gradient_norm": 3.079975128173828, "training_seconds": 16.9292964580236}
{"phase": "training", "variant": "cnn", "seed": 20260926, "updates": 2800, "target": 3000, "loss": 1.2590551376342773, "gradient_norm": 1.9153063297271729, "training_seconds": 17.554804000013974}
{"phase": "training", "variant": "cnn", "seed": 20260926, "updates": 2900, "target": 3000, "loss": 1.7536451816558838, "gradient_norm": 1.4364662170410156, "training_seconds": 18.179870041029062}
{"phase": "training", "variant": "cnn", "seed": 20260926, "updates": 3000, "target": 3000, "loss": 1.6863988637924194, "gradient_norm": 1.6593655347824097, "training_seconds": 18.807432708039414}
FINISHED cnn 970
{"phase": "training", "variant": "retina_fixed", "seed": 20260926, "updates": 100, "target": 3000, "loss": 2.3346214294433594, "gradient_norm": 0.34874558448791504, "training_seconds": 82.968212125008}
{"phase": "training", "variant": "retina_fixed", "seed": 20260926, "updates": 200, "target": 3000, "loss": 2.327831506729126, "gradient_norm": 0.4682052433490753, "training_seconds": 164.7006565000047}
{"phase": "training", "variant": "retina_fixed", "seed": 20260926, "updates": 300, "target": 3000, "loss": 2.2265148162841797, "gradient_norm": 0.6378235816955566, "training_seconds": 243.74653629102977}
{"phase": "training", "variant": "retina_fixed", "seed": 20260926, "updates": 400, "target": 3000, "loss": 2.457472801208496, "gradient_norm": 0.21458497643470764, "training_seconds": 330.8232332079788}
{"phase": "training", "variant": "retina_fixed", "seed": 20260926, "updates": 500, "target": 3000, "loss": 2.496140956878662, "gradient_norm": 0.6944133043289185, "training_seconds": 416.795976250025}
{"phase": "training", "variant": "retina_fixed", "seed": 20260926, "updates": 600, "target": 3000, "loss": 2.3626060485839844, "gradient_norm": 0.30897098779678345, "training_seconds": 498.85679716599407}
{"phase": "training", "variant": "retina_fixed", "seed": 20260926, "updates": 700, "target": 3000, "loss": 2.3336844444274902, "gradient_norm": 0.3446992337703705, "training_seconds": 585.6224883330287}
{"phase": "training", "variant": "retina_fixed", "seed": 20260926, "updates": 800, "target": 3000, "loss": 2.1641876697540283, "gradient_norm": 0.6664723753929138, "training_seconds": 671.4872927910183}
{"phase": "training", "variant": "retina_fixed", "seed": 20260926, "updates": 900, "target": 3000, "loss": 2.425873041152954, "gradient_norm": 0.5157995223999023, "training_seconds": 762.6333786250325}
{"phase": "training", "variant": "retina_fixed", "seed": 20260926, "updates": 1000, "target": 3000, "loss": 2.444607734680176, "gradient_norm": 0.46405547857284546, "training_seconds": 852.5075734159909}
{"phase": "training", "variant": "retina_fixed", "seed": 20260926, "updates": 1100, "target": 3000, "loss": 2.290271520614624, "gradient_norm": 0.44377413392066956, "training_seconds": 928.26486479101}
{"phase": "training", "variant": "retina_fixed", "seed": 20260926, "updates": 1200, "target": 3000, "loss": 2.267302989959717, "gradient_norm": 0.44581571221351624, "training_seconds": 1003.3739034159807}
{"phase": "training", "variant": "retina_fixed", "seed": 20260926, "updates": 1300, "target": 3000, "loss": 2.4222307205200195, "gradient_norm": 0.8710753917694092, "training_seconds": 1075.7000182080083}
{"phase": "training", "variant": "retina_fixed", "seed": 20260926, "updates": 1400, "target": 3000, "loss": 2.2310781478881836, "gradient_norm": 0.6827116012573242, "training_seconds": 1147.9700696659856}
{"phase": "training", "variant": "retina_fixed", "seed": 20260926, "updates": 1500, "target": 3000, "loss": 2.2575736045837402, "gradient_norm": 0.5038876533508301, "training_seconds": 1220.2574263749993}
{"phase": "training", "variant": "retina_fixed", "seed": 20260926, "updates": 1600, "target": 3000, "loss": 2.1747641563415527, "gradient_norm": 0.8058093786239624, "training_seconds": 1292.6993584579905}
{"phase": "training", "variant": "retina_fixed", "seed": 20260926, "updates": 1700, "target": 3000, "loss": 2.2660763263702393, "gradient_norm": 1.0371603965759277, "training_seconds": 1365.619208374992}
{"phase": "training", "variant": "retina_fixed", "seed": 20260926, "updates": 1800, "target": 3000, "loss": 2.327174425125122, "gradient_norm": 0.4761788845062256, "training_seconds": 1437.9967343329918}
{"phase": "training", "variant": "retina_fixed", "seed": 20260926, "updates": 1900, "target": 3000, "loss": 2.245037794113159, "gradient_norm": 1.3418591022491455, "training_seconds": 1510.2810138330096}
{"phase": "training", "variant": "retina_fixed", "seed": 20260926, "updates": 2000, "target": 3000, "loss": 1.9923737049102783, "gradient_norm": 0.6984727382659912, "training_seconds": 1582.5374525410007}
{"phase": "training", "variant": "retina_fixed", "seed": 20260926, "updates": 2100, "target": 3000, "loss": 1.8350292444229126, "gradient_norm": 0.8370486497879028, "training_seconds": 1654.9942924160277}
{"phase": "training", "variant": "retina_fixed", "seed": 20260926, "updates": 2200, "target": 3000, "loss": 2.2508206367492676, "gradient_norm": 0.6908090114593506, "training_seconds": 1727.3087715000147}
{"phase": "training", "variant": "retina_fixed", "seed": 20260926, "updates": 2300, "target": 3000, "loss": 1.9678672552108765, "gradient_norm": 0.8619807958602905, "training_seconds": 1799.7612668750226}
{"phase": "training", "variant": "retina_fixed", "seed": 20260926, "updates": 2400, "target": 3000, "loss": 2.0058579444885254, "gradient_norm": 0.9115679264068604, "training_seconds": 1872.0599595829844}
{"phase": "training", "variant": "retina_fixed", "seed": 20260926, "updates": 2500, "target": 3000, "loss": 2.1568868160247803, "gradient_norm": 0.544713020324707, "training_seconds": 1944.7014996249927}
{"phase": "training", "variant": "retina_fixed", "seed": 20260926, "updates": 2600, "target": 3000, "loss": 2.178342819213867, "gradient_norm": 0.750338613986969, "training_seconds": 2017.7301552080316}
{"phase": "training", "variant": "retina_fixed", "seed": 20260926, "updates": 2700, "target": 3000, "loss": 2.1950011253356934, "gradient_norm": 1.1451871395111084, "training_seconds": 2090.838995583006}
{"phase": "training", "variant": "retina_fixed", "seed": 20260926, "updates": 2800, "target": 3000, "loss": 1.8965458869934082, "gradient_norm": 0.8856501579284668, "training_seconds": 2163.223298790981}
{"phase": "training", "variant": "retina_fixed", "seed": 20260926, "updates": 2900, "target": 3000, "loss": 2.3199362754821777, "gradient_norm": 1.050579309463501, "training_seconds": 2235.671498749987}
{"phase": "training", "variant": "retina_fixed", "seed": 20260926, "updates": 3000, "target": 3000, "loss": 2.2276437282562256, "gradient_norm": 0.8420867919921875, "training_seconds": 2308.2940284999786}
FINISHED retina_fixed 789
{"phase": "training", "variant": "retina_plastic", "seed": 20260926, "updates": 100, "target": 3000, "loss": 2.3099253177642822, "gradient_norm": 0.37565916776657104, "training_seconds": 84.21459320798749}
{"phase": "training", "variant": "retina_plastic", "seed": 20260926, "updates": 200, "target": 3000, "loss": 2.309194803237915, "gradient_norm": 0.49043551087379456, "training_seconds": 168.6081825409783}
{"phase": "training", "variant": "retina_plastic", "seed": 20260926, "updates": 300, "target": 3000, "loss": 2.2018704414367676, "gradient_norm": 0.6472991108894348, "training_seconds": 253.31961587496335}
{"phase": "training", "variant": "retina_plastic", "seed": 20260926, "updates": 400, "target": 3000, "loss": 2.4340012073516846, "gradient_norm": 0.23583601415157318, "training_seconds": 337.6192832500092}
{"phase": "training", "variant": "retina_plastic", "seed": 20260926, "updates": 500, "target": 3000, "loss": 2.4820852279663086, "gradient_norm": 0.8890816569328308, "training_seconds": 421.92181516595883}
{"phase": "training", "variant": "retina_plastic", "seed": 20260926, "updates": 600, "target": 3000, "loss": 2.3422012329101562, "gradient_norm": 0.3082968592643738, "training_seconds": 506.4512449160102}
{"phase": "training", "variant": "retina_plastic", "seed": 20260926, "updates": 700, "target": 3000, "loss": 2.274162769317627, "gradient_norm": 0.3911682367324829, "training_seconds": 590.5442081249785}
{"phase": "training", "variant": "retina_plastic", "seed": 20260926, "updates": 800, "target": 3000, "loss": 2.093703031539917, "gradient_norm": 0.7039053440093994, "training_seconds": 675.5992424580036}
{"phase": "training", "variant": "retina_plastic", "seed": 20260926, "updates": 900, "target": 3000, "loss": 2.345231056213379, "gradient_norm": 0.52948397397995, "training_seconds": 759.6769536249922}
{"phase": "training", "variant": "retina_plastic", "seed": 20260926, "updates": 1000, "target": 3000, "loss": 2.4013473987579346, "gradient_norm": 0.5441562533378601, "training_seconds": 843.8051134159905}
{"phase": "training", "variant": "retina_plastic", "seed": 20260926, "updates": 1100, "target": 3000, "loss": 2.2226154804229736, "gradient_norm": 0.5231583714485168, "training_seconds": 928.3685292080045}
{"phase": "training", "variant": "retina_plastic", "seed": 20260926, "updates": 1200, "target": 3000, "loss": 2.1958093643188477, "gradient_norm": 0.43954360485076904, "training_seconds": 1013.1284495829605}
{"phase": "training", "variant": "retina_plastic", "seed": 20260926, "updates": 1300, "target": 3000, "loss": 2.362210988998413, "gradient_norm": 1.0069849491119385, "training_seconds": 1097.8881489579799}
{"phase": "training", "variant": "retina_plastic", "seed": 20260926, "updates": 1400, "target": 3000, "loss": 2.182335376739502, "gradient_norm": 0.6107325553894043, "training_seconds": 1181.9515528749907}
{"phase": "training", "variant": "retina_plastic", "seed": 20260926, "updates": 1500, "target": 3000, "loss": 2.1712841987609863, "gradient_norm": 0.496663361787796, "training_seconds": 1266.0812605409883}
{"phase": "training", "variant": "retina_plastic", "seed": 20260926, "updates": 1600, "target": 3000, "loss": 2.105276584625244, "gradient_norm": 0.9073344469070435, "training_seconds": 1350.6887627499527}
{"phase": "training", "variant": "retina_plastic", "seed": 20260926, "updates": 1700, "target": 3000, "loss": 2.2063543796539307, "gradient_norm": 0.9454002380371094, "training_seconds": 1436.3437147499644}
{"phase": "training", "variant": "retina_plastic", "seed": 20260926, "updates": 1800, "target": 3000, "loss": 2.29164719581604, "gradient_norm": 0.501657247543335, "training_seconds": 1520.9163619159954}
{"phase": "training", "variant": "retina_plastic", "seed": 20260926, "updates": 1900, "target": 3000, "loss": 2.173443078994751, "gradient_norm": 1.1392875909805298, "training_seconds": 1605.5034945829539}
{"phase": "training", "variant": "retina_plastic", "seed": 20260926, "updates": 2000, "target": 3000, "loss": 1.9342725276947021, "gradient_norm": 0.6346474885940552, "training_seconds": 1689.7461968749994}
{"phase": "training", "variant": "retina_plastic", "seed": 20260926, "updates": 2100, "target": 3000, "loss": 1.7746498584747314, "gradient_norm": 0.6664720177650452, "training_seconds": 1774.5482849580003}
{"phase": "training", "variant": "retina_plastic", "seed": 20260926, "updates": 2200, "target": 3000, "loss": 2.213925838470459, "gradient_norm": 0.6504954695701599, "training_seconds": 1859.0884892909671}
{"phase": "training", "variant": "retina_plastic", "seed": 20260926, "updates": 2300, "target": 3000, "loss": 1.9184150695800781, "gradient_norm": 0.9975214004516602, "training_seconds": 1944.1099314159947}
{"phase": "training", "variant": "retina_plastic", "seed": 20260926, "updates": 2400, "target": 3000, "loss": 1.9691104888916016, "gradient_norm": 0.6277118921279907, "training_seconds": 2028.4639852909604}
{"phase": "training", "variant": "retina_plastic", "seed": 20260926, "updates": 2500, "target": 3000, "loss": 2.126897096633911, "gradient_norm": 0.43882590532302856, "training_seconds": 2113.034317124984}
{"phase": "training", "variant": "retina_plastic", "seed": 20260926, "updates": 2600, "target": 3000, "loss": 2.1212246417999268, "gradient_norm": 0.8077119588851929, "training_seconds": 2197.911014374986}
{"phase": "training", "variant": "retina_plastic", "seed": 20260926, "updates": 2700, "target": 3000, "loss": 2.1545844078063965, "gradient_norm": 1.0264363288879395, "training_seconds": 2282.2063862080104}
{"phase": "training", "variant": "retina_plastic", "seed": 20260926, "updates": 2800, "target": 3000, "loss": 1.8695588111877441, "gradient_norm": 1.0213104486465454, "training_seconds": 2367.077940749994}
{"phase": "training", "variant": "retina_plastic", "seed": 20260926, "updates": 2900, "target": 3000, "loss": 2.2740583419799805, "gradient_norm": 0.8889851570129395, "training_seconds": 2451.6190042079543}
{"phase": "training", "variant": "retina_plastic", "seed": 20260926, "updates": 3000, "target": 3000, "loss": 2.1179919242858887, "gradient_norm": 0.6423012018203735, "training_seconds": 2536.3945501659764}
FINISHED retina_plastic 780
{"phase": "training", "variant": "rewired_plastic", "seed": 20260926, "updates": 100, "target": 3000, "loss": 2.4628140926361084, "gradient_norm": 0.08122829347848892, "training_seconds": 92.24495424999623}
{"phase": "training", "variant": "rewired_plastic", "seed": 20260926, "updates": 200, "target": 3000, "loss": 2.4010071754455566, "gradient_norm": 0.15169090032577515, "training_seconds": 185.1882350409869}
{"phase": "training", "variant": "rewired_plastic", "seed": 20260926, "updates": 300, "target": 3000, "loss": 2.2601051330566406, "gradient_norm": 0.3639381229877472, "training_seconds": 277.69207433296833}
{"phase": "training", "variant": "rewired_plastic", "seed": 20260926, "updates": 400, "target": 3000, "loss": 2.4251911640167236, "gradient_norm": 0.3214499354362488, "training_seconds": 370.3220415409887}
{"phase": "training", "variant": "rewired_plastic", "seed": 20260926, "updates": 500, "target": 3000, "loss": 2.4649481773376465, "gradient_norm": 0.6994161009788513, "training_seconds": 462.37427566596307}
